// Jest Snapshot v1, https://goo.gl/fbAQLP

exports[`OurBlog renders OurBlog correctly 1`] = `
<div>
  <header
    class="custom-header"
    style="background-color: #f8f8f8;"
  >
    <nav
      class="custom-nav"
    >
      <ul
        class="custom-ul"
      >
        <li
          class="custom-li"
        >
          About
        </li>
        <li
          class="custom-li selected"
        >
          Blog
        </li>
        <li
          class="custom-li"
        >
          Company
        </li>
        <li
          class="custom-li"
        >
          Careers
        </li>
        <li
          class="custom-li"
        >
          Press
        </li>
      </ul>
    </nav>
  </header>
  <section
    class="hero"
    style="background-color: #f8f8f8;"
  >
    <h1>
      Insights, ideas, and stories
    </h1>
  </section>
  <section
    class="content"
  >
    <div
      class="content-main"
    >
      <div
        class="sidebar"
      >
        <div
          class="left"
        >
          <div
            class="search"
          >
            <input
              type="text"
              placeholder="Search"
            />
          </div>
          <div
            class="labels"
          >
            <h3>
              Labels
            </h3>
          </div>
          <div
            class="archive"
          >
            <h3>
              Archive
            </h3>
          </div>
          <div
            class="follow-buttons"
          >
            <button
              class="follow1"
            >
              Follow our Facebook page
            </button>
            <button
              class="follow2"
            >
              Follow our X page
            </button>
          </div>
          <a
            href="#"
            class="learn-more"
          >
            Learn More
          </a>
          <a
            href="#"
            class="help-center"
          >
            Cursus Help Center
          </a>
        </div>
      </div>
      <div
        class="blog-list"
      >
        <div
          class="blog-item"
        >
          <img
            src="/path/to/image1.jpg"
            alt="Blog 1"
          />
          <div
            class="blog-info"
          >
            <p>
              123 • 2024-01-01
            </p>
            <h3>
              First Blog
            </h3>
            <p>
              This is the first blog.
            </p>
            <a
              href="/secondLayout/blog-detail"
            >
              Read More
            </a>
          </div>
        </div>
        <div
          class="blog-item"
        >
          <img
            src="/path/to/image2.jpg"
            alt="Blog 2"
          />
          <div
            class="blog-info"
          >
            <p>
              456 • 2024-01-02
            </p>
            <h3>
              Second Blog
            </h3>
            <p>
              This is the second blog.
            </p>
            <a
              href="/secondLayout/blog-detail"
            >
              Read More
            </a>
          </div>
        </div>
      </div>
    </div>
  </section>
</div>
`;
