// Jest Snapshot v1, https://goo.gl/fbAQLP

exports[`OurBlog component renders OurBlog component correctly 1`] = `
<DocumentFragment>
  <div
    class="blog-page"
  >
    <header
      class="custom-header"
      style="background-color: rgb(248, 248, 248);"
    >
      <nav
        class="custom-nav"
      >
        <ul
          class="custom-ul"
        >
          <li
            class="custom-li "
          >
            About
          </li>
          <li
            class="custom-li selected"
          >
            Blog
          </li>
          <li
            class="custom-li "
          >
            Company
          </li>
          <li
            class="custom-li "
          >
            Careers
          </li>
          <li
            class="custom-li "
          >
            Press
          </li>
        </ul>
      </nav>
    </header>
    <section
      class="hero"
      style="background-color: rgb(248, 248, 248);"
    >
      <h1>
        Insights, ideas, and stories
      </h1>
    </section>
    <section
      class="content"
    >
      <div
        class="content-main"
      >
        <div
          class="sidebar"
        >
          <div
            class="left"
          >
            <div
              class="search"
            >
              <input
                placeholder="Search"
                type="text"
              />
            </div>
            <div
              class="labels"
            >
              <h3>
                Labels
              </h3>
            </div>
            <div
              class="archive"
            >
              <h3>
                Archive
              </h3>
            </div>
            <div
              class="follow-buttons"
            >
              <button
                class="follow1"
              >
                Follow our Facebook page
              </button>
              <button
                class="follow2"
              >
                Follow our X page
              </button>
            </div>
            <a
              class="learn-more"
              href="#"
            >
              Learn More
            </a>
            <a
              class="help-center"
              href="#"
            >
              Cursus Help Center
            </a>
          </div>
        </div>
        <div
          class="blog-list"
        >
          <p>
            Loading...
          </p>
        </div>
      </div>
    </section>
  </div>
</DocumentFragment>
`;