// Jest Snapshot v1, https://goo.gl/fbAQLP

exports[`test ReviewsPageInstructor 1`] = `
<div
  className="ReviewsPageInstructor "
>
  <div
    className="ReviewsPageInstructor_Title_Left"
  >
    <svg
      fill="currentColor"
      height="24"
      viewBox="0 0 24 24"
      width="24"
      xmlns="http://www.w3.org/2000/svg"
    >
      <path
        d="M22,9.67A1,1,0,0,0,21.14,9l-5.69-.83L12.9,3a1,1,0,0,0-1.8,0L8.55,8.16,2.86,9a1,1,0,0,0-.81.68,1,1,0,0,0,.25,1l4.13,4-1,5.68a1,1,0,0,0,.4,1,1,1,0,0,0,1.05.07L12,18.76l5.1,2.68a.93.93,0,0,0,.46.12,1,1,0,0,0,.59-.19,1,1,0,0,0,.4-1l-1-5.68,4.13-4A1,1,0,0,0,22,9.67Zm-6.15,4a1,1,0,0,0-.29.89l.72,4.19-3.76-2a1,1,0,0,0-.94,0l-3.76,2,.72-4.19a1,1,0,0,0-.29-.89l-3-3,4.21-.61a1,1,0,0,0,.76-.55L12,5.7l1.88,3.82a1,1,0,0,0,.76.55l4.21.61Z"
      />
    </svg>
    <h2>
      All Review
    </h2>
  </div>
  <div
    className="course_detail_reviews_inner"
  >
    <div
      className="course_detail_reviews-feedback"
    >
      <h3
        className="course_detail_reviews-feedback-title"
      >
        All Student Feedback
      </h3>
      <div
        className="total_rating"
      >
        <div
          className="total_rate"
        >
          4.6
        </div>
        <div
          className="total_stars"
        >
          <ul
            className="ant-rate icon_star css-dev-only-do-not-override-d2lrxs"
            onBlur={[Function]}
            onFocus={[Function]}
            onKeyDown={[Function]}
            onMouseLeave={[Function]}
            role="radiogroup"
            style={Object {}}
            tabIndex={0}
          >
            <li
              className="ant-rate-star ant-rate-star-full"
            >
              <div
                aria-checked="true"
                aria-posinset={1}
                aria-setsize={5}
                onClick={[Function]}
                onKeyDown={[Function]}
                onMouseMove={[Function]}
                role="radio"
                tabIndex={0}
              >
                <div
                  className="ant-rate-star-first"
                >
                  <span
                    aria-label="star"
                    className="anticon anticon-star"
                    role="img"
                  >
                    <svg
                      aria-hidden="true"
                      data-icon="star"
                      fill="currentColor"
                      focusable="false"
                      height="1em"
                      viewBox="64 64 896 896"
                      width="1em"
                    >
                      <path
                        d="M908.1 353.1l-253.9-36.9L540.7 86.1c-3.1-6.3-8.2-11.4-14.5-14.5-15.8-7.8-35-1.3-42.9 14.5L369.8 316.2l-253.9 36.9c-7 1-13.4 4.3-18.3 9.3a32.05 32.05 0 00.6 45.3l183.7 179.1-43.4 252.9a31.95 31.95 0 0046.4 33.7L512 754l227.1 119.4c6.2 3.3 13.4 4.4 20.3 3.2 17.4-3 29.1-19.5 26.1-36.9l-43.4-252.9 183.7-179.1c5-4.9 8.3-11.3 9.3-18.3 2.7-17.5-9.5-33.7-27-36.3z"
                      />
                    </svg>
                  </span>
                </div>
                <div
                  className="ant-rate-star-second"
                >
                  <span
                    aria-label="star"
                    className="anticon anticon-star"
                    role="img"
                  >
                    <svg
                      aria-hidden="true"
                      data-icon="star"
                      fill="currentColor"
                      focusable="false"
                      height="1em"
                      viewBox="64 64 896 896"
                      width="1em"
                    >
                      <path
                        d="M908.1 353.1l-253.9-36.9L540.7 86.1c-3.1-6.3-8.2-11.4-14.5-14.5-15.8-7.8-35-1.3-42.9 14.5L369.8 316.2l-253.9 36.9c-7 1-13.4 4.3-18.3 9.3a32.05 32.05 0 00.6 45.3l183.7 179.1-43.4 252.9a31.95 31.95 0 0046.4 33.7L512 754l227.1 119.4c6.2 3.3 13.4 4.4 20.3 3.2 17.4-3 29.1-19.5 26.1-36.9l-43.4-252.9 183.7-179.1c5-4.9 8.3-11.3 9.3-18.3 2.7-17.5-9.5-33.7-27-36.3z"
                      />
                    </svg>
                  </span>
                </div>
              </div>
            </li>
            <li
              className="ant-rate-star ant-rate-star-full"
            >
              <div
                aria-checked="true"
                aria-posinset={2}
                aria-setsize={5}
                onClick={[Function]}
                onKeyDown={[Function]}
                onMouseMove={[Function]}
                role="radio"
                tabIndex={0}
              >
                <div
                  className="ant-rate-star-first"
                >
                  <span
                    aria-label="star"
                    className="anticon anticon-star"
                    role="img"
                  >
                    <svg
                      aria-hidden="true"
                      data-icon="star"
                      fill="currentColor"
                      focusable="false"
                      height="1em"
                      viewBox="64 64 896 896"
                      width="1em"
                    >
                      <path
                        d="M908.1 353.1l-253.9-36.9L540.7 86.1c-3.1-6.3-8.2-11.4-14.5-14.5-15.8-7.8-35-1.3-42.9 14.5L369.8 316.2l-253.9 36.9c-7 1-13.4 4.3-18.3 9.3a32.05 32.05 0 00.6 45.3l183.7 179.1-43.4 252.9a31.95 31.95 0 0046.4 33.7L512 754l227.1 119.4c6.2 3.3 13.4 4.4 20.3 3.2 17.4-3 29.1-19.5 26.1-36.9l-43.4-252.9 183.7-179.1c5-4.9 8.3-11.3 9.3-18.3 2.7-17.5-9.5-33.7-27-36.3z"
                      />
                    </svg>
                  </span>
                </div>
                <div
                  className="ant-rate-star-second"
                >
                  <span
                    aria-label="star"
                    className="anticon anticon-star"
                    role="img"
                  >
                    <svg
                      aria-hidden="true"
                      data-icon="star"
                      fill="currentColor"
                      focusable="false"
                      height="1em"
                      viewBox="64 64 896 896"
                      width="1em"
                    >
                      <path
                        d="M908.1 353.1l-253.9-36.9L540.7 86.1c-3.1-6.3-8.2-11.4-14.5-14.5-15.8-7.8-35-1.3-42.9 14.5L369.8 316.2l-253.9 36.9c-7 1-13.4 4.3-18.3 9.3a32.05 32.05 0 00.6 45.3l183.7 179.1-43.4 252.9a31.95 31.95 0 0046.4 33.7L512 754l227.1 119.4c6.2 3.3 13.4 4.4 20.3 3.2 17.4-3 29.1-19.5 26.1-36.9l-43.4-252.9 183.7-179.1c5-4.9 8.3-11.3 9.3-18.3 2.7-17.5-9.5-33.7-27-36.3z"
                      />
                    </svg>
                  </span>
                </div>
              </div>
            </li>
            <li
              className="ant-rate-star ant-rate-star-full"
            >
              <div
                aria-checked="true"
                aria-posinset={3}
                aria-setsize={5}
                onClick={[Function]}
                onKeyDown={[Function]}
                onMouseMove={[Function]}
                role="radio"
                tabIndex={0}
              >
                <div
                  className="ant-rate-star-first"
                >
                  <span
                    aria-label="star"
                    className="anticon anticon-star"
                    role="img"
                  >
                    <svg
                      aria-hidden="true"
                      data-icon="star"
                      fill="currentColor"
                      focusable="false"
                      height="1em"
                      viewBox="64 64 896 896"
                      width="1em"
                    >
                      <path
                        d="M908.1 353.1l-253.9-36.9L540.7 86.1c-3.1-6.3-8.2-11.4-14.5-14.5-15.8-7.8-35-1.3-42.9 14.5L369.8 316.2l-253.9 36.9c-7 1-13.4 4.3-18.3 9.3a32.05 32.05 0 00.6 45.3l183.7 179.1-43.4 252.9a31.95 31.95 0 0046.4 33.7L512 754l227.1 119.4c6.2 3.3 13.4 4.4 20.3 3.2 17.4-3 29.1-19.5 26.1-36.9l-43.4-252.9 183.7-179.1c5-4.9 8.3-11.3 9.3-18.3 2.7-17.5-9.5-33.7-27-36.3z"
                      />
                    </svg>
                  </span>
                </div>
                <div
                  className="ant-rate-star-second"
                >
                  <span
                    aria-label="star"
                    className="anticon anticon-star"
                    role="img"
                  >
                    <svg
                      aria-hidden="true"
                      data-icon="star"
                      fill="currentColor"
                      focusable="false"
                      height="1em"
                      viewBox="64 64 896 896"
                      width="1em"
                    >
                      <path
                        d="M908.1 353.1l-253.9-36.9L540.7 86.1c-3.1-6.3-8.2-11.4-14.5-14.5-15.8-7.8-35-1.3-42.9 14.5L369.8 316.2l-253.9 36.9c-7 1-13.4 4.3-18.3 9.3a32.05 32.05 0 00.6 45.3l183.7 179.1-43.4 252.9a31.95 31.95 0 0046.4 33.7L512 754l227.1 119.4c6.2 3.3 13.4 4.4 20.3 3.2 17.4-3 29.1-19.5 26.1-36.9l-43.4-252.9 183.7-179.1c5-4.9 8.3-11.3 9.3-18.3 2.7-17.5-9.5-33.7-27-36.3z"
                      />
                    </svg>
                  </span>
                </div>
              </div>
            </li>
            <li
              className="ant-rate-star ant-rate-star-full"
            >
              <div
                aria-checked="true"
                aria-posinset={4}
                aria-setsize={5}
                onClick={[Function]}
                onKeyDown={[Function]}
                onMouseMove={[Function]}
                role="radio"
                tabIndex={0}
              >
                <div
                  className="ant-rate-star-first"
                >
                  <span
                    aria-label="star"
                    className="anticon anticon-star"
                    role="img"
                  >
                    <svg
                      aria-hidden="true"
                      data-icon="star"
                      fill="currentColor"
                      focusable="false"
                      height="1em"
                      viewBox="64 64 896 896"
                      width="1em"
                    >
                      <path
                        d="M908.1 353.1l-253.9-36.9L540.7 86.1c-3.1-6.3-8.2-11.4-14.5-14.5-15.8-7.8-35-1.3-42.9 14.5L369.8 316.2l-253.9 36.9c-7 1-13.4 4.3-18.3 9.3a32.05 32.05 0 00.6 45.3l183.7 179.1-43.4 252.9a31.95 31.95 0 0046.4 33.7L512 754l227.1 119.4c6.2 3.3 13.4 4.4 20.3 3.2 17.4-3 29.1-19.5 26.1-36.9l-43.4-252.9 183.7-179.1c5-4.9 8.3-11.3 9.3-18.3 2.7-17.5-9.5-33.7-27-36.3z"
                      />
                    </svg>
                  </span>
                </div>
                <div
                  className="ant-rate-star-second"
                >
                  <span
                    aria-label="star"
                    className="anticon anticon-star"
                    role="img"
                  >
                    <svg
                      aria-hidden="true"
                      data-icon="star"
                      fill="currentColor"
                      focusable="false"
                      height="1em"
                      viewBox="64 64 896 896"
                      width="1em"
                    >
                      <path
                        d="M908.1 353.1l-253.9-36.9L540.7 86.1c-3.1-6.3-8.2-11.4-14.5-14.5-15.8-7.8-35-1.3-42.9 14.5L369.8 316.2l-253.9 36.9c-7 1-13.4 4.3-18.3 9.3a32.05 32.05 0 00.6 45.3l183.7 179.1-43.4 252.9a31.95 31.95 0 0046.4 33.7L512 754l227.1 119.4c6.2 3.3 13.4 4.4 20.3 3.2 17.4-3 29.1-19.5 26.1-36.9l-43.4-252.9 183.7-179.1c5-4.9 8.3-11.3 9.3-18.3 2.7-17.5-9.5-33.7-27-36.3z"
                      />
                    </svg>
                  </span>
                </div>
              </div>
            </li>
            <li
              className="ant-rate-star ant-rate-star-zero"
            >
              <div
                aria-checked="true"
                aria-posinset={5}
                aria-setsize={5}
                onClick={[Function]}
                onKeyDown={[Function]}
                onMouseMove={[Function]}
                role="radio"
                tabIndex={0}
              >
                <div
                  className="ant-rate-star-first"
                >
                  <span
                    aria-label="star"
                    className="anticon anticon-star"
                    role="img"
                  >
                    <svg
                      aria-hidden="true"
                      data-icon="star"
                      fill="currentColor"
                      focusable="false"
                      height="1em"
                      viewBox="64 64 896 896"
                      width="1em"
                    >
                      <path
                        d="M908.1 353.1l-253.9-36.9L540.7 86.1c-3.1-6.3-8.2-11.4-14.5-14.5-15.8-7.8-35-1.3-42.9 14.5L369.8 316.2l-253.9 36.9c-7 1-13.4 4.3-18.3 9.3a32.05 32.05 0 00.6 45.3l183.7 179.1-43.4 252.9a31.95 31.95 0 0046.4 33.7L512 754l227.1 119.4c6.2 3.3 13.4 4.4 20.3 3.2 17.4-3 29.1-19.5 26.1-36.9l-43.4-252.9 183.7-179.1c5-4.9 8.3-11.3 9.3-18.3 2.7-17.5-9.5-33.7-27-36.3z"
                      />
                    </svg>
                  </span>
                </div>
                <div
                  className="ant-rate-star-second"
                >
                  <span
                    aria-label="star"
                    className="anticon anticon-star"
                    role="img"
                  >
                    <svg
                      aria-hidden="true"
                      data-icon="star"
                      fill="currentColor"
                      focusable="false"
                      height="1em"
                      viewBox="64 64 896 896"
                      width="1em"
                    >
                      <path
                        d="M908.1 353.1l-253.9-36.9L540.7 86.1c-3.1-6.3-8.2-11.4-14.5-14.5-15.8-7.8-35-1.3-42.9 14.5L369.8 316.2l-253.9 36.9c-7 1-13.4 4.3-18.3 9.3a32.05 32.05 0 00.6 45.3l183.7 179.1-43.4 252.9a31.95 31.95 0 0046.4 33.7L512 754l227.1 119.4c6.2 3.3 13.4 4.4 20.3 3.2 17.4-3 29.1-19.5 26.1-36.9l-43.4-252.9 183.7-179.1c5-4.9 8.3-11.3 9.3-18.3 2.7-17.5-9.5-33.7-27-36.3z"
                      />
                    </svg>
                  </span>
                </div>
              </div>
            </li>
          </ul>
        </div>
        <div
          className="total_label"
        >
          Course Rating
        </div>
      </div>
      <div
        className="total_progress"
      >
        <div
          className="progress_item"
        >
          <div
            aria-valuemax={100}
            aria-valuemin={0}
            aria-valuenow={70}
            className="ant-progress ant-progress-status-normal ant-progress-line ant-progress-line-align-end ant-progress-line-position-outer ant-progress-show-info css-dev-only-do-not-override-d2lrxs"
            role="progressbar"
            style={Object {}}
          >
            <div
              className="ant-progress-outer"
              style={
                Object {
                  "width": 300,
                }
              }
            >
              <div
                className="ant-progress-inner"
                style={
                  Object {
                    "backgroundColor": undefined,
                    "borderRadius": undefined,
                  }
                }
              >
                <div
                  className="ant-progress-bg ant-progress-bg-outer"
                  style={
                    Object {
                      "--progress-line-stroke-color": undefined,
                      "--progress-percent": 0.7,
                      "background": undefined,
                      "borderRadius": undefined,
                      "height": 20,
                      "width": "70%",
                    }
                  }
                />
              </div>
              <span
                className="ant-progress-text ant-progress-text-end ant-progress-text-outer"
                title="70%"
              >
                70%
              </span>
            </div>
          </div>
          <ul
            className="ant-rate icon_star css-dev-only-do-not-override-d2lrxs"
            onBlur={[Function]}
            onFocus={[Function]}
            onKeyDown={[Function]}
            onMouseLeave={[Function]}
            role="radiogroup"
            style={Object {}}
            tabIndex={0}
          >
            <li
              className="ant-rate-star ant-rate-star-full"
            >
              <div
                aria-checked="true"
                aria-posinset={1}
                aria-setsize={5}
                onClick={[Function]}
                onKeyDown={[Function]}
                onMouseMove={[Function]}
                role="radio"
                tabIndex={0}
              >
                <div
                  className="ant-rate-star-first"
                >
                  <span
                    aria-label="star"
                    className="anticon anticon-star"
                    role="img"
                  >
                    <svg
                      aria-hidden="true"
                      data-icon="star"
                      fill="currentColor"
                      focusable="false"
                      height="1em"
                      viewBox="64 64 896 896"
                      width="1em"
                    >
                      <path
                        d="M908.1 353.1l-253.9-36.9L540.7 86.1c-3.1-6.3-8.2-11.4-14.5-14.5-15.8-7.8-35-1.3-42.9 14.5L369.8 316.2l-253.9 36.9c-7 1-13.4 4.3-18.3 9.3a32.05 32.05 0 00.6 45.3l183.7 179.1-43.4 252.9a31.95 31.95 0 0046.4 33.7L512 754l227.1 119.4c6.2 3.3 13.4 4.4 20.3 3.2 17.4-3 29.1-19.5 26.1-36.9l-43.4-252.9 183.7-179.1c5-4.9 8.3-11.3 9.3-18.3 2.7-17.5-9.5-33.7-27-36.3z"
                      />
                    </svg>
                  </span>
                </div>
                <div
                  className="ant-rate-star-second"
                >
                  <span
                    aria-label="star"
                    className="anticon anticon-star"
                    role="img"
                  >
                    <svg
                      aria-hidden="true"
                      data-icon="star"
                      fill="currentColor"
                      focusable="false"
                      height="1em"
                      viewBox="64 64 896 896"
                      width="1em"
                    >
                      <path
                        d="M908.1 353.1l-253.9-36.9L540.7 86.1c-3.1-6.3-8.2-11.4-14.5-14.5-15.8-7.8-35-1.3-42.9 14.5L369.8 316.2l-253.9 36.9c-7 1-13.4 4.3-18.3 9.3a32.05 32.05 0 00.6 45.3l183.7 179.1-43.4 252.9a31.95 31.95 0 0046.4 33.7L512 754l227.1 119.4c6.2 3.3 13.4 4.4 20.3 3.2 17.4-3 29.1-19.5 26.1-36.9l-43.4-252.9 183.7-179.1c5-4.9 8.3-11.3 9.3-18.3 2.7-17.5-9.5-33.7-27-36.3z"
                      />
                    </svg>
                  </span>
                </div>
              </div>
            </li>
            <li
              className="ant-rate-star ant-rate-star-full"
            >
              <div
                aria-checked="true"
                aria-posinset={2}
                aria-setsize={5}
                onClick={[Function]}
                onKeyDown={[Function]}
                onMouseMove={[Function]}
                role="radio"
                tabIndex={0}
              >
                <div
                  className="ant-rate-star-first"
                >
                  <span
                    aria-label="star"
                    className="anticon anticon-star"
                    role="img"
                  >
                    <svg
                      aria-hidden="true"
                      data-icon="star"
                      fill="currentColor"
                      focusable="false"
                      height="1em"
                      viewBox="64 64 896 896"
                      width="1em"
                    >
                      <path
                        d="M908.1 353.1l-253.9-36.9L540.7 86.1c-3.1-6.3-8.2-11.4-14.5-14.5-15.8-7.8-35-1.3-42.9 14.5L369.8 316.2l-253.9 36.9c-7 1-13.4 4.3-18.3 9.3a32.05 32.05 0 00.6 45.3l183.7 179.1-43.4 252.9a31.95 31.95 0 0046.4 33.7L512 754l227.1 119.4c6.2 3.3 13.4 4.4 20.3 3.2 17.4-3 29.1-19.5 26.1-36.9l-43.4-252.9 183.7-179.1c5-4.9 8.3-11.3 9.3-18.3 2.7-17.5-9.5-33.7-27-36.3z"
                      />
                    </svg>
                  </span>
                </div>
                <div
                  className="ant-rate-star-second"
                >
                  <span
                    aria-label="star"
                    className="anticon anticon-star"
                    role="img"
                  >
                    <svg
                      aria-hidden="true"
                      data-icon="star"
                      fill="currentColor"
                      focusable="false"
                      height="1em"
                      viewBox="64 64 896 896"
                      width="1em"
                    >
                      <path
                        d="M908.1 353.1l-253.9-36.9L540.7 86.1c-3.1-6.3-8.2-11.4-14.5-14.5-15.8-7.8-35-1.3-42.9 14.5L369.8 316.2l-253.9 36.9c-7 1-13.4 4.3-18.3 9.3a32.05 32.05 0 00.6 45.3l183.7 179.1-43.4 252.9a31.95 31.95 0 0046.4 33.7L512 754l227.1 119.4c6.2 3.3 13.4 4.4 20.3 3.2 17.4-3 29.1-19.5 26.1-36.9l-43.4-252.9 183.7-179.1c5-4.9 8.3-11.3 9.3-18.3 2.7-17.5-9.5-33.7-27-36.3z"
                      />
                    </svg>
                  </span>
                </div>
              </div>
            </li>
            <li
              className="ant-rate-star ant-rate-star-full"
            >
              <div
                aria-checked="true"
                aria-posinset={3}
                aria-setsize={5}
                onClick={[Function]}
                onKeyDown={[Function]}
                onMouseMove={[Function]}
                role="radio"
                tabIndex={0}
              >
                <div
                  className="ant-rate-star-first"
                >
                  <span
                    aria-label="star"
                    className="anticon anticon-star"
                    role="img"
                  >
                    <svg
                      aria-hidden="true"
                      data-icon="star"
                      fill="currentColor"
                      focusable="false"
                      height="1em"
                      viewBox="64 64 896 896"
                      width="1em"
                    >
                      <path
                        d="M908.1 353.1l-253.9-36.9L540.7 86.1c-3.1-6.3-8.2-11.4-14.5-14.5-15.8-7.8-35-1.3-42.9 14.5L369.8 316.2l-253.9 36.9c-7 1-13.4 4.3-18.3 9.3a32.05 32.05 0 00.6 45.3l183.7 179.1-43.4 252.9a31.95 31.95 0 0046.4 33.7L512 754l227.1 119.4c6.2 3.3 13.4 4.4 20.3 3.2 17.4-3 29.1-19.5 26.1-36.9l-43.4-252.9 183.7-179.1c5-4.9 8.3-11.3 9.3-18.3 2.7-17.5-9.5-33.7-27-36.3z"
                      />
                    </svg>
                  </span>
                </div>
                <div
                  className="ant-rate-star-second"
                >
                  <span
                    aria-label="star"
                    className="anticon anticon-star"
                    role="img"
                  >
                    <svg
                      aria-hidden="true"
                      data-icon="star"
                      fill="currentColor"
                      focusable="false"
                      height="1em"
                      viewBox="64 64 896 896"
                      width="1em"
                    >
                      <path
                        d="M908.1 353.1l-253.9-36.9L540.7 86.1c-3.1-6.3-8.2-11.4-14.5-14.5-15.8-7.8-35-1.3-42.9 14.5L369.8 316.2l-253.9 36.9c-7 1-13.4 4.3-18.3 9.3a32.05 32.05 0 00.6 45.3l183.7 179.1-43.4 252.9a31.95 31.95 0 0046.4 33.7L512 754l227.1 119.4c6.2 3.3 13.4 4.4 20.3 3.2 17.4-3 29.1-19.5 26.1-36.9l-43.4-252.9 183.7-179.1c5-4.9 8.3-11.3 9.3-18.3 2.7-17.5-9.5-33.7-27-36.3z"
                      />
                    </svg>
                  </span>
                </div>
              </div>
            </li>
            <li
              className="ant-rate-star ant-rate-star-full"
            >
              <div
                aria-checked="true"
                aria-posinset={4}
                aria-setsize={5}
                onClick={[Function]}
                onKeyDown={[Function]}
                onMouseMove={[Function]}
                role="radio"
                tabIndex={0}
              >
                <div
                  className="ant-rate-star-first"
                >
                  <span
                    aria-label="star"
                    className="anticon anticon-star"
                    role="img"
                  >
                    <svg
                      aria-hidden="true"
                      data-icon="star"
                      fill="currentColor"
                      focusable="false"
                      height="1em"
                      viewBox="64 64 896 896"
                      width="1em"
                    >
                      <path
                        d="M908.1 353.1l-253.9-36.9L540.7 86.1c-3.1-6.3-8.2-11.4-14.5-14.5-15.8-7.8-35-1.3-42.9 14.5L369.8 316.2l-253.9 36.9c-7 1-13.4 4.3-18.3 9.3a32.05 32.05 0 00.6 45.3l183.7 179.1-43.4 252.9a31.95 31.95 0 0046.4 33.7L512 754l227.1 119.4c6.2 3.3 13.4 4.4 20.3 3.2 17.4-3 29.1-19.5 26.1-36.9l-43.4-252.9 183.7-179.1c5-4.9 8.3-11.3 9.3-18.3 2.7-17.5-9.5-33.7-27-36.3z"
                      />
                    </svg>
                  </span>
                </div>
                <div
                  className="ant-rate-star-second"
                >
                  <span
                    aria-label="star"
                    className="anticon anticon-star"
                    role="img"
                  >
                    <svg
                      aria-hidden="true"
                      data-icon="star"
                      fill="currentColor"
                      focusable="false"
                      height="1em"
                      viewBox="64 64 896 896"
                      width="1em"
                    >
                      <path
                        d="M908.1 353.1l-253.9-36.9L540.7 86.1c-3.1-6.3-8.2-11.4-14.5-14.5-15.8-7.8-35-1.3-42.9 14.5L369.8 316.2l-253.9 36.9c-7 1-13.4 4.3-18.3 9.3a32.05 32.05 0 00.6 45.3l183.7 179.1-43.4 252.9a31.95 31.95 0 0046.4 33.7L512 754l227.1 119.4c6.2 3.3 13.4 4.4 20.3 3.2 17.4-3 29.1-19.5 26.1-36.9l-43.4-252.9 183.7-179.1c5-4.9 8.3-11.3 9.3-18.3 2.7-17.5-9.5-33.7-27-36.3z"
                      />
                    </svg>
                  </span>
                </div>
              </div>
            </li>
            <li
              className="ant-rate-star ant-rate-star-zero"
            >
              <div
                aria-checked="true"
                aria-posinset={5}
                aria-setsize={5}
                onClick={[Function]}
                onKeyDown={[Function]}
                onMouseMove={[Function]}
                role="radio"
                tabIndex={0}
              >
                <div
                  className="ant-rate-star-first"
                >
                  <span
                    aria-label="star"
                    className="anticon anticon-star"
                    role="img"
                  >
                    <svg
                      aria-hidden="true"
                      data-icon="star"
                      fill="currentColor"
                      focusable="false"
                      height="1em"
                      viewBox="64 64 896 896"
                      width="1em"
                    >
                      <path
                        d="M908.1 353.1l-253.9-36.9L540.7 86.1c-3.1-6.3-8.2-11.4-14.5-14.5-15.8-7.8-35-1.3-42.9 14.5L369.8 316.2l-253.9 36.9c-7 1-13.4 4.3-18.3 9.3a32.05 32.05 0 00.6 45.3l183.7 179.1-43.4 252.9a31.95 31.95 0 0046.4 33.7L512 754l227.1 119.4c6.2 3.3 13.4 4.4 20.3 3.2 17.4-3 29.1-19.5 26.1-36.9l-43.4-252.9 183.7-179.1c5-4.9 8.3-11.3 9.3-18.3 2.7-17.5-9.5-33.7-27-36.3z"
                      />
                    </svg>
                  </span>
                </div>
                <div
                  className="ant-rate-star-second"
                >
                  <span
                    aria-label="star"
                    className="anticon anticon-star"
                    role="img"
                  >
                    <svg
                      aria-hidden="true"
                      data-icon="star"
                      fill="currentColor"
                      focusable="false"
                      height="1em"
                      viewBox="64 64 896 896"
                      width="1em"
                    >
                      <path
                        d="M908.1 353.1l-253.9-36.9L540.7 86.1c-3.1-6.3-8.2-11.4-14.5-14.5-15.8-7.8-35-1.3-42.9 14.5L369.8 316.2l-253.9 36.9c-7 1-13.4 4.3-18.3 9.3a32.05 32.05 0 00.6 45.3l183.7 179.1-43.4 252.9a31.95 31.95 0 0046.4 33.7L512 754l227.1 119.4c6.2 3.3 13.4 4.4 20.3 3.2 17.4-3 29.1-19.5 26.1-36.9l-43.4-252.9 183.7-179.1c5-4.9 8.3-11.3 9.3-18.3 2.7-17.5-9.5-33.7-27-36.3z"
                      />
                    </svg>
                  </span>
                </div>
              </div>
            </li>
          </ul>
        </div>
        <div
          className="progress_item"
        >
          <div
            aria-valuemax={100}
            aria-valuemin={0}
            aria-valuenow={50}
            className="ant-progress ant-progress-status-normal ant-progress-line ant-progress-line-align-end ant-progress-line-position-outer ant-progress-show-info css-dev-only-do-not-override-d2lrxs"
            role="progressbar"
            style={Object {}}
          >
            <div
              className="ant-progress-outer"
              style={
                Object {
                  "width": 300,
                }
              }
            >
              <div
                className="ant-progress-inner"
                style={
                  Object {
                    "backgroundColor": undefined,
                    "borderRadius": undefined,
                  }
                }
              >
                <div
                  className="ant-progress-bg ant-progress-bg-outer"
                  style={
                    Object {
                      "--progress-line-stroke-color": undefined,
                      "--progress-percent": 0.5,
                      "background": undefined,
                      "borderRadius": undefined,
                      "height": 20,
                      "width": "50%",
                    }
                  }
                />
              </div>
              <span
                className="ant-progress-text ant-progress-text-end ant-progress-text-outer"
                title="50%"
              >
                50%
              </span>
            </div>
          </div>
          <ul
            className="ant-rate icon_star css-dev-only-do-not-override-d2lrxs"
            onBlur={[Function]}
            onFocus={[Function]}
            onKeyDown={[Function]}
            onMouseLeave={[Function]}
            role="radiogroup"
            style={Object {}}
            tabIndex={0}
          >
            <li
              className="ant-rate-star ant-rate-star-full"
            >
              <div
                aria-checked="true"
                aria-posinset={1}
                aria-setsize={5}
                onClick={[Function]}
                onKeyDown={[Function]}
                onMouseMove={[Function]}
                role="radio"
                tabIndex={0}
              >
                <div
                  className="ant-rate-star-first"
                >
                  <span
                    aria-label="star"
                    className="anticon anticon-star"
                    role="img"
                  >
                    <svg
                      aria-hidden="true"
                      data-icon="star"
                      fill="currentColor"
                      focusable="false"
                      height="1em"
                      viewBox="64 64 896 896"
                      width="1em"
                    >
                      <path
                        d="M908.1 353.1l-253.9-36.9L540.7 86.1c-3.1-6.3-8.2-11.4-14.5-14.5-15.8-7.8-35-1.3-42.9 14.5L369.8 316.2l-253.9 36.9c-7 1-13.4 4.3-18.3 9.3a32.05 32.05 0 00.6 45.3l183.7 179.1-43.4 252.9a31.95 31.95 0 0046.4 33.7L512 754l227.1 119.4c6.2 3.3 13.4 4.4 20.3 3.2 17.4-3 29.1-19.5 26.1-36.9l-43.4-252.9 183.7-179.1c5-4.9 8.3-11.3 9.3-18.3 2.7-17.5-9.5-33.7-27-36.3z"
                      />
                    </svg>
                  </span>
                </div>
                <div
                  className="ant-rate-star-second"
                >
                  <span
                    aria-label="star"
                    className="anticon anticon-star"
                    role="img"
                  >
                    <svg
                      aria-hidden="true"
                      data-icon="star"
                      fill="currentColor"
                      focusable="false"
                      height="1em"
                      viewBox="64 64 896 896"
                      width="1em"
                    >
                      <path
                        d="M908.1 353.1l-253.9-36.9L540.7 86.1c-3.1-6.3-8.2-11.4-14.5-14.5-15.8-7.8-35-1.3-42.9 14.5L369.8 316.2l-253.9 36.9c-7 1-13.4 4.3-18.3 9.3a32.05 32.05 0 00.6 45.3l183.7 179.1-43.4 252.9a31.95 31.95 0 0046.4 33.7L512 754l227.1 119.4c6.2 3.3 13.4 4.4 20.3 3.2 17.4-3 29.1-19.5 26.1-36.9l-43.4-252.9 183.7-179.1c5-4.9 8.3-11.3 9.3-18.3 2.7-17.5-9.5-33.7-27-36.3z"
                      />
                    </svg>
                  </span>
                </div>
              </div>
            </li>
            <li
              className="ant-rate-star ant-rate-star-full"
            >
              <div
                aria-checked="true"
                aria-posinset={2}
                aria-setsize={5}
                onClick={[Function]}
                onKeyDown={[Function]}
                onMouseMove={[Function]}
                role="radio"
                tabIndex={0}
              >
                <div
                  className="ant-rate-star-first"
                >
                  <span
                    aria-label="star"
                    className="anticon anticon-star"
                    role="img"
                  >
                    <svg
                      aria-hidden="true"
                      data-icon="star"
                      fill="currentColor"
                      focusable="false"
                      height="1em"
                      viewBox="64 64 896 896"
                      width="1em"
                    >
                      <path
                        d="M908.1 353.1l-253.9-36.9L540.7 86.1c-3.1-6.3-8.2-11.4-14.5-14.5-15.8-7.8-35-1.3-42.9 14.5L369.8 316.2l-253.9 36.9c-7 1-13.4 4.3-18.3 9.3a32.05 32.05 0 00.6 45.3l183.7 179.1-43.4 252.9a31.95 31.95 0 0046.4 33.7L512 754l227.1 119.4c6.2 3.3 13.4 4.4 20.3 3.2 17.4-3 29.1-19.5 26.1-36.9l-43.4-252.9 183.7-179.1c5-4.9 8.3-11.3 9.3-18.3 2.7-17.5-9.5-33.7-27-36.3z"
                      />
                    </svg>
                  </span>
                </div>
                <div
                  className="ant-rate-star-second"
                >
                  <span
                    aria-label="star"
                    className="anticon anticon-star"
                    role="img"
                  >
                    <svg
                      aria-hidden="true"
                      data-icon="star"
                      fill="currentColor"
                      focusable="false"
                      height="1em"
                      viewBox="64 64 896 896"
                      width="1em"
                    >
                      <path
                        d="M908.1 353.1l-253.9-36.9L540.7 86.1c-3.1-6.3-8.2-11.4-14.5-14.5-15.8-7.8-35-1.3-42.9 14.5L369.8 316.2l-253.9 36.9c-7 1-13.4 4.3-18.3 9.3a32.05 32.05 0 00.6 45.3l183.7 179.1-43.4 252.9a31.95 31.95 0 0046.4 33.7L512 754l227.1 119.4c6.2 3.3 13.4 4.4 20.3 3.2 17.4-3 29.1-19.5 26.1-36.9l-43.4-252.9 183.7-179.1c5-4.9 8.3-11.3 9.3-18.3 2.7-17.5-9.5-33.7-27-36.3z"
                      />
                    </svg>
                  </span>
                </div>
              </div>
            </li>
            <li
              className="ant-rate-star ant-rate-star-full"
            >
              <div
                aria-checked="true"
                aria-posinset={3}
                aria-setsize={5}
                onClick={[Function]}
                onKeyDown={[Function]}
                onMouseMove={[Function]}
                role="radio"
                tabIndex={0}
              >
                <div
                  className="ant-rate-star-first"
                >
                  <span
                    aria-label="star"
                    className="anticon anticon-star"
                    role="img"
                  >
                    <svg
                      aria-hidden="true"
                      data-icon="star"
                      fill="currentColor"
                      focusable="false"
                      height="1em"
                      viewBox="64 64 896 896"
                      width="1em"
                    >
                      <path
                        d="M908.1 353.1l-253.9-36.9L540.7 86.1c-3.1-6.3-8.2-11.4-14.5-14.5-15.8-7.8-35-1.3-42.9 14.5L369.8 316.2l-253.9 36.9c-7 1-13.4 4.3-18.3 9.3a32.05 32.05 0 00.6 45.3l183.7 179.1-43.4 252.9a31.95 31.95 0 0046.4 33.7L512 754l227.1 119.4c6.2 3.3 13.4 4.4 20.3 3.2 17.4-3 29.1-19.5 26.1-36.9l-43.4-252.9 183.7-179.1c5-4.9 8.3-11.3 9.3-18.3 2.7-17.5-9.5-33.7-27-36.3z"
                      />
                    </svg>
                  </span>
                </div>
                <div
                  className="ant-rate-star-second"
                >
                  <span
                    aria-label="star"
                    className="anticon anticon-star"
                    role="img"
                  >
                    <svg
                      aria-hidden="true"
                      data-icon="star"
                      fill="currentColor"
                      focusable="false"
                      height="1em"
                      viewBox="64 64 896 896"
                      width="1em"
                    >
                      <path
                        d="M908.1 353.1l-253.9-36.9L540.7 86.1c-3.1-6.3-8.2-11.4-14.5-14.5-15.8-7.8-35-1.3-42.9 14.5L369.8 316.2l-253.9 36.9c-7 1-13.4 4.3-18.3 9.3a32.05 32.05 0 00.6 45.3l183.7 179.1-43.4 252.9a31.95 31.95 0 0046.4 33.7L512 754l227.1 119.4c6.2 3.3 13.4 4.4 20.3 3.2 17.4-3 29.1-19.5 26.1-36.9l-43.4-252.9 183.7-179.1c5-4.9 8.3-11.3 9.3-18.3 2.7-17.5-9.5-33.7-27-36.3z"
                      />
                    </svg>
                  </span>
                </div>
              </div>
            </li>
            <li
              className="ant-rate-star ant-rate-star-zero"
            >
              <div
                aria-checked="true"
                aria-posinset={4}
                aria-setsize={5}
                onClick={[Function]}
                onKeyDown={[Function]}
                onMouseMove={[Function]}
                role="radio"
                tabIndex={0}
              >
                <div
                  className="ant-rate-star-first"
                >
                  <span
                    aria-label="star"
                    className="anticon anticon-star"
                    role="img"
                  >
                    <svg
                      aria-hidden="true"
                      data-icon="star"
                      fill="currentColor"
                      focusable="false"
                      height="1em"
                      viewBox="64 64 896 896"
                      width="1em"
                    >
                      <path
                        d="M908.1 353.1l-253.9-36.9L540.7 86.1c-3.1-6.3-8.2-11.4-14.5-14.5-15.8-7.8-35-1.3-42.9 14.5L369.8 316.2l-253.9 36.9c-7 1-13.4 4.3-18.3 9.3a32.05 32.05 0 00.6 45.3l183.7 179.1-43.4 252.9a31.95 31.95 0 0046.4 33.7L512 754l227.1 119.4c6.2 3.3 13.4 4.4 20.3 3.2 17.4-3 29.1-19.5 26.1-36.9l-43.4-252.9 183.7-179.1c5-4.9 8.3-11.3 9.3-18.3 2.7-17.5-9.5-33.7-27-36.3z"
                      />
                    </svg>
                  </span>
                </div>
                <div
                  className="ant-rate-star-second"
                >
                  <span
                    aria-label="star"
                    className="anticon anticon-star"
                    role="img"
                  >
                    <svg
                      aria-hidden="true"
                      data-icon="star"
                      fill="currentColor"
                      focusable="false"
                      height="1em"
                      viewBox="64 64 896 896"
                      width="1em"
                    >
                      <path
                        d="M908.1 353.1l-253.9-36.9L540.7 86.1c-3.1-6.3-8.2-11.4-14.5-14.5-15.8-7.8-35-1.3-42.9 14.5L369.8 316.2l-253.9 36.9c-7 1-13.4 4.3-18.3 9.3a32.05 32.05 0 00.6 45.3l183.7 179.1-43.4 252.9a31.95 31.95 0 0046.4 33.7L512 754l227.1 119.4c6.2 3.3 13.4 4.4 20.3 3.2 17.4-3 29.1-19.5 26.1-36.9l-43.4-252.9 183.7-179.1c5-4.9 8.3-11.3 9.3-18.3 2.7-17.5-9.5-33.7-27-36.3z"
                      />
                    </svg>
                  </span>
                </div>
              </div>
            </li>
            <li
              className="ant-rate-star ant-rate-star-zero"
            >
              <div
                aria-checked="false"
                aria-posinset={5}
                aria-setsize={5}
                onClick={[Function]}
                onKeyDown={[Function]}
                onMouseMove={[Function]}
                role="radio"
                tabIndex={0}
              >
                <div
                  className="ant-rate-star-first"
                >
                  <span
                    aria-label="star"
                    className="anticon anticon-star"
                    role="img"
                  >
                    <svg
                      aria-hidden="true"
                      data-icon="star"
                      fill="currentColor"
                      focusable="false"
                      height="1em"
                      viewBox="64 64 896 896"
                      width="1em"
                    >
                      <path
                        d="M908.1 353.1l-253.9-36.9L540.7 86.1c-3.1-6.3-8.2-11.4-14.5-14.5-15.8-7.8-35-1.3-42.9 14.5L369.8 316.2l-253.9 36.9c-7 1-13.4 4.3-18.3 9.3a32.05 32.05 0 00.6 45.3l183.7 179.1-43.4 252.9a31.95 31.95 0 0046.4 33.7L512 754l227.1 119.4c6.2 3.3 13.4 4.4 20.3 3.2 17.4-3 29.1-19.5 26.1-36.9l-43.4-252.9 183.7-179.1c5-4.9 8.3-11.3 9.3-18.3 2.7-17.5-9.5-33.7-27-36.3z"
                      />
                    </svg>
                  </span>
                </div>
                <div
                  className="ant-rate-star-second"
                >
                  <span
                    aria-label="star"
                    className="anticon anticon-star"
                    role="img"
                  >
                    <svg
                      aria-hidden="true"
                      data-icon="star"
                      fill="currentColor"
                      focusable="false"
                      height="1em"
                      viewBox="64 64 896 896"
                      width="1em"
                    >
                      <path
                        d="M908.1 353.1l-253.9-36.9L540.7 86.1c-3.1-6.3-8.2-11.4-14.5-14.5-15.8-7.8-35-1.3-42.9 14.5L369.8 316.2l-253.9 36.9c-7 1-13.4 4.3-18.3 9.3a32.05 32.05 0 00.6 45.3l183.7 179.1-43.4 252.9a31.95 31.95 0 0046.4 33.7L512 754l227.1 119.4c6.2 3.3 13.4 4.4 20.3 3.2 17.4-3 29.1-19.5 26.1-36.9l-43.4-252.9 183.7-179.1c5-4.9 8.3-11.3 9.3-18.3 2.7-17.5-9.5-33.7-27-36.3z"
                      />
                    </svg>
                  </span>
                </div>
              </div>
            </li>
          </ul>
        </div>
        <div
          className="progress_item"
        >
          <div
            aria-valuemax={100}
            aria-valuemin={0}
            aria-valuenow={30}
            className="ant-progress ant-progress-status-normal ant-progress-line ant-progress-line-align-end ant-progress-line-position-outer ant-progress-show-info css-dev-only-do-not-override-d2lrxs"
            role="progressbar"
            style={Object {}}
          >
            <div
              className="ant-progress-outer"
              style={
                Object {
                  "width": 300,
                }
              }
            >
              <div
                className="ant-progress-inner"
                style={
                  Object {
                    "backgroundColor": undefined,
                    "borderRadius": undefined,
                  }
                }
              >
                <div
                  className="ant-progress-bg ant-progress-bg-outer"
                  style={
                    Object {
                      "--progress-line-stroke-color": undefined,
                      "--progress-percent": 0.3,
                      "background": undefined,
                      "borderRadius": undefined,
                      "height": 20,
                      "width": "30%",
                    }
                  }
                />
              </div>
              <span
                className="ant-progress-text ant-progress-text-end ant-progress-text-outer"
                title="30%"
              >
                30%
              </span>
            </div>
          </div>
          <ul
            className="ant-rate icon_star css-dev-only-do-not-override-d2lrxs"
            onBlur={[Function]}
            onFocus={[Function]}
            onKeyDown={[Function]}
            onMouseLeave={[Function]}
            role="radiogroup"
            style={Object {}}
            tabIndex={0}
          >
            <li
              className="ant-rate-star ant-rate-star-full"
            >
              <div
                aria-checked="true"
                aria-posinset={1}
                aria-setsize={5}
                onClick={[Function]}
                onKeyDown={[Function]}
                onMouseMove={[Function]}
                role="radio"
                tabIndex={0}
              >
                <div
                  className="ant-rate-star-first"
                >
                  <span
                    aria-label="star"
                    className="anticon anticon-star"
                    role="img"
                  >
                    <svg
                      aria-hidden="true"
                      data-icon="star"
                      fill="currentColor"
                      focusable="false"
                      height="1em"
                      viewBox="64 64 896 896"
                      width="1em"
                    >
                      <path
                        d="M908.1 353.1l-253.9-36.9L540.7 86.1c-3.1-6.3-8.2-11.4-14.5-14.5-15.8-7.8-35-1.3-42.9 14.5L369.8 316.2l-253.9 36.9c-7 1-13.4 4.3-18.3 9.3a32.05 32.05 0 00.6 45.3l183.7 179.1-43.4 252.9a31.95 31.95 0 0046.4 33.7L512 754l227.1 119.4c6.2 3.3 13.4 4.4 20.3 3.2 17.4-3 29.1-19.5 26.1-36.9l-43.4-252.9 183.7-179.1c5-4.9 8.3-11.3 9.3-18.3 2.7-17.5-9.5-33.7-27-36.3z"
                      />
                    </svg>
                  </span>
                </div>
                <div
                  className="ant-rate-star-second"
                >
                  <span
                    aria-label="star"
                    className="anticon anticon-star"
                    role="img"
                  >
                    <svg
                      aria-hidden="true"
                      data-icon="star"
                      fill="currentColor"
                      focusable="false"
                      height="1em"
                      viewBox="64 64 896 896"
                      width="1em"
                    >
                      <path
                        d="M908.1 353.1l-253.9-36.9L540.7 86.1c-3.1-6.3-8.2-11.4-14.5-14.5-15.8-7.8-35-1.3-42.9 14.5L369.8 316.2l-253.9 36.9c-7 1-13.4 4.3-18.3 9.3a32.05 32.05 0 00.6 45.3l183.7 179.1-43.4 252.9a31.95 31.95 0 0046.4 33.7L512 754l227.1 119.4c6.2 3.3 13.4 4.4 20.3 3.2 17.4-3 29.1-19.5 26.1-36.9l-43.4-252.9 183.7-179.1c5-4.9 8.3-11.3 9.3-18.3 2.7-17.5-9.5-33.7-27-36.3z"
                      />
                    </svg>
                  </span>
                </div>
              </div>
            </li>
            <li
              className="ant-rate-star ant-rate-star-full"
            >
              <div
                aria-checked="true"
                aria-posinset={2}
                aria-setsize={5}
                onClick={[Function]}
                onKeyDown={[Function]}
                onMouseMove={[Function]}
                role="radio"
                tabIndex={0}
              >
                <div
                  className="ant-rate-star-first"
                >
                  <span
                    aria-label="star"
                    className="anticon anticon-star"
                    role="img"
                  >
                    <svg
                      aria-hidden="true"
                      data-icon="star"
                      fill="currentColor"
                      focusable="false"
                      height="1em"
                      viewBox="64 64 896 896"
                      width="1em"
                    >
                      <path
                        d="M908.1 353.1l-253.9-36.9L540.7 86.1c-3.1-6.3-8.2-11.4-14.5-14.5-15.8-7.8-35-1.3-42.9 14.5L369.8 316.2l-253.9 36.9c-7 1-13.4 4.3-18.3 9.3a32.05 32.05 0 00.6 45.3l183.7 179.1-43.4 252.9a31.95 31.95 0 0046.4 33.7L512 754l227.1 119.4c6.2 3.3 13.4 4.4 20.3 3.2 17.4-3 29.1-19.5 26.1-36.9l-43.4-252.9 183.7-179.1c5-4.9 8.3-11.3 9.3-18.3 2.7-17.5-9.5-33.7-27-36.3z"
                      />
                    </svg>
                  </span>
                </div>
                <div
                  className="ant-rate-star-second"
                >
                  <span
                    aria-label="star"
                    className="anticon anticon-star"
                    role="img"
                  >
                    <svg
                      aria-hidden="true"
                      data-icon="star"
                      fill="currentColor"
                      focusable="false"
                      height="1em"
                      viewBox="64 64 896 896"
                      width="1em"
                    >
                      <path
                        d="M908.1 353.1l-253.9-36.9L540.7 86.1c-3.1-6.3-8.2-11.4-14.5-14.5-15.8-7.8-35-1.3-42.9 14.5L369.8 316.2l-253.9 36.9c-7 1-13.4 4.3-18.3 9.3a32.05 32.05 0 00.6 45.3l183.7 179.1-43.4 252.9a31.95 31.95 0 0046.4 33.7L512 754l227.1 119.4c6.2 3.3 13.4 4.4 20.3 3.2 17.4-3 29.1-19.5 26.1-36.9l-43.4-252.9 183.7-179.1c5-4.9 8.3-11.3 9.3-18.3 2.7-17.5-9.5-33.7-27-36.3z"
                      />
                    </svg>
                  </span>
                </div>
              </div>
            </li>
            <li
              className="ant-rate-star ant-rate-star-zero"
            >
              <div
                aria-checked="true"
                aria-posinset={3}
                aria-setsize={5}
                onClick={[Function]}
                onKeyDown={[Function]}
                onMouseMove={[Function]}
                role="radio"
                tabIndex={0}
              >
                <div
                  className="ant-rate-star-first"
                >
                  <span
                    aria-label="star"
                    className="anticon anticon-star"
                    role="img"
                  >
                    <svg
                      aria-hidden="true"
                      data-icon="star"
                      fill="currentColor"
                      focusable="false"
                      height="1em"
                      viewBox="64 64 896 896"
                      width="1em"
                    >
                      <path
                        d="M908.1 353.1l-253.9-36.9L540.7 86.1c-3.1-6.3-8.2-11.4-14.5-14.5-15.8-7.8-35-1.3-42.9 14.5L369.8 316.2l-253.9 36.9c-7 1-13.4 4.3-18.3 9.3a32.05 32.05 0 00.6 45.3l183.7 179.1-43.4 252.9a31.95 31.95 0 0046.4 33.7L512 754l227.1 119.4c6.2 3.3 13.4 4.4 20.3 3.2 17.4-3 29.1-19.5 26.1-36.9l-43.4-252.9 183.7-179.1c5-4.9 8.3-11.3 9.3-18.3 2.7-17.5-9.5-33.7-27-36.3z"
                      />
                    </svg>
                  </span>
                </div>
                <div
                  className="ant-rate-star-second"
                >
                  <span
                    aria-label="star"
                    className="anticon anticon-star"
                    role="img"
                  >
                    <svg
                      aria-hidden="true"
                      data-icon="star"
                      fill="currentColor"
                      focusable="false"
                      height="1em"
                      viewBox="64 64 896 896"
                      width="1em"
                    >
                      <path
                        d="M908.1 353.1l-253.9-36.9L540.7 86.1c-3.1-6.3-8.2-11.4-14.5-14.5-15.8-7.8-35-1.3-42.9 14.5L369.8 316.2l-253.9 36.9c-7 1-13.4 4.3-18.3 9.3a32.05 32.05 0 00.6 45.3l183.7 179.1-43.4 252.9a31.95 31.95 0 0046.4 33.7L512 754l227.1 119.4c6.2 3.3 13.4 4.4 20.3 3.2 17.4-3 29.1-19.5 26.1-36.9l-43.4-252.9 183.7-179.1c5-4.9 8.3-11.3 9.3-18.3 2.7-17.5-9.5-33.7-27-36.3z"
                      />
                    </svg>
                  </span>
                </div>
              </div>
            </li>
            <li
              className="ant-rate-star ant-rate-star-zero"
            >
              <div
                aria-checked="false"
                aria-posinset={4}
                aria-setsize={5}
                onClick={[Function]}
                onKeyDown={[Function]}
                onMouseMove={[Function]}
                role="radio"
                tabIndex={0}
              >
                <div
                  className="ant-rate-star-first"
                >
                  <span
                    aria-label="star"
                    className="anticon anticon-star"
                    role="img"
                  >
                    <svg
                      aria-hidden="true"
                      data-icon="star"
                      fill="currentColor"
                      focusable="false"
                      height="1em"
                      viewBox="64 64 896 896"
                      width="1em"
                    >
                      <path
                        d="M908.1 353.1l-253.9-36.9L540.7 86.1c-3.1-6.3-8.2-11.4-14.5-14.5-15.8-7.8-35-1.3-42.9 14.5L369.8 316.2l-253.9 36.9c-7 1-13.4 4.3-18.3 9.3a32.05 32.05 0 00.6 45.3l183.7 179.1-43.4 252.9a31.95 31.95 0 0046.4 33.7L512 754l227.1 119.4c6.2 3.3 13.4 4.4 20.3 3.2 17.4-3 29.1-19.5 26.1-36.9l-43.4-252.9 183.7-179.1c5-4.9 8.3-11.3 9.3-18.3 2.7-17.5-9.5-33.7-27-36.3z"
                      />
                    </svg>
                  </span>
                </div>
                <div
                  className="ant-rate-star-second"
                >
                  <span
                    aria-label="star"
                    className="anticon anticon-star"
                    role="img"
                  >
                    <svg
                      aria-hidden="true"
                      data-icon="star"
                      fill="currentColor"
                      focusable="false"
                      height="1em"
                      viewBox="64 64 896 896"
                      width="1em"
                    >
                      <path
                        d="M908.1 353.1l-253.9-36.9L540.7 86.1c-3.1-6.3-8.2-11.4-14.5-14.5-15.8-7.8-35-1.3-42.9 14.5L369.8 316.2l-253.9 36.9c-7 1-13.4 4.3-18.3 9.3a32.05 32.05 0 00.6 45.3l183.7 179.1-43.4 252.9a31.95 31.95 0 0046.4 33.7L512 754l227.1 119.4c6.2 3.3 13.4 4.4 20.3 3.2 17.4-3 29.1-19.5 26.1-36.9l-43.4-252.9 183.7-179.1c5-4.9 8.3-11.3 9.3-18.3 2.7-17.5-9.5-33.7-27-36.3z"
                      />
                    </svg>
                  </span>
                </div>
              </div>
            </li>
            <li
              className="ant-rate-star ant-rate-star-zero"
            >
              <div
                aria-checked="false"
                aria-posinset={5}
                aria-setsize={5}
                onClick={[Function]}
                onKeyDown={[Function]}
                onMouseMove={[Function]}
                role="radio"
                tabIndex={0}
              >
                <div
                  className="ant-rate-star-first"
                >
                  <span
                    aria-label="star"
                    className="anticon anticon-star"
                    role="img"
                  >
                    <svg
                      aria-hidden="true"
                      data-icon="star"
                      fill="currentColor"
                      focusable="false"
                      height="1em"
                      viewBox="64 64 896 896"
                      width="1em"
                    >
                      <path
                        d="M908.1 353.1l-253.9-36.9L540.7 86.1c-3.1-6.3-8.2-11.4-14.5-14.5-15.8-7.8-35-1.3-42.9 14.5L369.8 316.2l-253.9 36.9c-7 1-13.4 4.3-18.3 9.3a32.05 32.05 0 00.6 45.3l183.7 179.1-43.4 252.9a31.95 31.95 0 0046.4 33.7L512 754l227.1 119.4c6.2 3.3 13.4 4.4 20.3 3.2 17.4-3 29.1-19.5 26.1-36.9l-43.4-252.9 183.7-179.1c5-4.9 8.3-11.3 9.3-18.3 2.7-17.5-9.5-33.7-27-36.3z"
                      />
                    </svg>
                  </span>
                </div>
                <div
                  className="ant-rate-star-second"
                >
                  <span
                    aria-label="star"
                    className="anticon anticon-star"
                    role="img"
                  >
                    <svg
                      aria-hidden="true"
                      data-icon="star"
                      fill="currentColor"
                      focusable="false"
                      height="1em"
                      viewBox="64 64 896 896"
                      width="1em"
                    >
                      <path
                        d="M908.1 353.1l-253.9-36.9L540.7 86.1c-3.1-6.3-8.2-11.4-14.5-14.5-15.8-7.8-35-1.3-42.9 14.5L369.8 316.2l-253.9 36.9c-7 1-13.4 4.3-18.3 9.3a32.05 32.05 0 00.6 45.3l183.7 179.1-43.4 252.9a31.95 31.95 0 0046.4 33.7L512 754l227.1 119.4c6.2 3.3 13.4 4.4 20.3 3.2 17.4-3 29.1-19.5 26.1-36.9l-43.4-252.9 183.7-179.1c5-4.9 8.3-11.3 9.3-18.3 2.7-17.5-9.5-33.7-27-36.3z"
                      />
                    </svg>
                  </span>
                </div>
              </div>
            </li>
          </ul>
        </div>
        <div
          className="progress_item"
        >
          <div
            aria-valuemax={100}
            aria-valuemin={0}
            aria-valuenow={20}
            className="ant-progress ant-progress-status-normal ant-progress-line ant-progress-line-align-end ant-progress-line-position-outer ant-progress-show-info css-dev-only-do-not-override-d2lrxs"
            role="progressbar"
            style={Object {}}
          >
            <div
              className="ant-progress-outer"
              style={
                Object {
                  "width": 300,
                }
              }
            >
              <div
                className="ant-progress-inner"
                style={
                  Object {
                    "backgroundColor": undefined,
                    "borderRadius": undefined,
                  }
                }
              >
                <div
                  className="ant-progress-bg ant-progress-bg-outer"
                  style={
                    Object {
                      "--progress-line-stroke-color": undefined,
                      "--progress-percent": 0.2,
                      "background": undefined,
                      "borderRadius": undefined,
                      "height": 20,
                      "width": "20%",
                    }
                  }
                />
              </div>
              <span
                className="ant-progress-text ant-progress-text-end ant-progress-text-outer"
                title="20%"
              >
                20%
              </span>
            </div>
          </div>
          <ul
            className="ant-rate icon_star css-dev-only-do-not-override-d2lrxs"
            onBlur={[Function]}
            onFocus={[Function]}
            onKeyDown={[Function]}
            onMouseLeave={[Function]}
            role="radiogroup"
            style={Object {}}
            tabIndex={0}
          >
            <li
              className="ant-rate-star ant-rate-star-full"
            >
              <div
                aria-checked="true"
                aria-posinset={1}
                aria-setsize={5}
                onClick={[Function]}
                onKeyDown={[Function]}
                onMouseMove={[Function]}
                role="radio"
                tabIndex={0}
              >
                <div
                  className="ant-rate-star-first"
                >
                  <span
                    aria-label="star"
                    className="anticon anticon-star"
                    role="img"
                  >
                    <svg
                      aria-hidden="true"
                      data-icon="star"
                      fill="currentColor"
                      focusable="false"
                      height="1em"
                      viewBox="64 64 896 896"
                      width="1em"
                    >
                      <path
                        d="M908.1 353.1l-253.9-36.9L540.7 86.1c-3.1-6.3-8.2-11.4-14.5-14.5-15.8-7.8-35-1.3-42.9 14.5L369.8 316.2l-253.9 36.9c-7 1-13.4 4.3-18.3 9.3a32.05 32.05 0 00.6 45.3l183.7 179.1-43.4 252.9a31.95 31.95 0 0046.4 33.7L512 754l227.1 119.4c6.2 3.3 13.4 4.4 20.3 3.2 17.4-3 29.1-19.5 26.1-36.9l-43.4-252.9 183.7-179.1c5-4.9 8.3-11.3 9.3-18.3 2.7-17.5-9.5-33.7-27-36.3z"
                      />
                    </svg>
                  </span>
                </div>
                <div
                  className="ant-rate-star-second"
                >
                  <span
                    aria-label="star"
                    className="anticon anticon-star"
                    role="img"
                  >
                    <svg
                      aria-hidden="true"
                      data-icon="star"
                      fill="currentColor"
                      focusable="false"
                      height="1em"
                      viewBox="64 64 896 896"
                      width="1em"
                    >
                      <path
                        d="M908.1 353.1l-253.9-36.9L540.7 86.1c-3.1-6.3-8.2-11.4-14.5-14.5-15.8-7.8-35-1.3-42.9 14.5L369.8 316.2l-253.9 36.9c-7 1-13.4 4.3-18.3 9.3a32.05 32.05 0 00.6 45.3l183.7 179.1-43.4 252.9a31.95 31.95 0 0046.4 33.7L512 754l227.1 119.4c6.2 3.3 13.4 4.4 20.3 3.2 17.4-3 29.1-19.5 26.1-36.9l-43.4-252.9 183.7-179.1c5-4.9 8.3-11.3 9.3-18.3 2.7-17.5-9.5-33.7-27-36.3z"
                      />
                    </svg>
                  </span>
                </div>
              </div>
            </li>
            <li
              className="ant-rate-star ant-rate-star-zero"
            >
              <div
                aria-checked="true"
                aria-posinset={2}
                aria-setsize={5}
                onClick={[Function]}
                onKeyDown={[Function]}
                onMouseMove={[Function]}
                role="radio"
                tabIndex={0}
              >
                <div
                  className="ant-rate-star-first"
                >
                  <span
                    aria-label="star"
                    className="anticon anticon-star"
                    role="img"
                  >
                    <svg
                      aria-hidden="true"
                      data-icon="star"
                      fill="currentColor"
                      focusable="false"
                      height="1em"
                      viewBox="64 64 896 896"
                      width="1em"
                    >
                      <path
                        d="M908.1 353.1l-253.9-36.9L540.7 86.1c-3.1-6.3-8.2-11.4-14.5-14.5-15.8-7.8-35-1.3-42.9 14.5L369.8 316.2l-253.9 36.9c-7 1-13.4 4.3-18.3 9.3a32.05 32.05 0 00.6 45.3l183.7 179.1-43.4 252.9a31.95 31.95 0 0046.4 33.7L512 754l227.1 119.4c6.2 3.3 13.4 4.4 20.3 3.2 17.4-3 29.1-19.5 26.1-36.9l-43.4-252.9 183.7-179.1c5-4.9 8.3-11.3 9.3-18.3 2.7-17.5-9.5-33.7-27-36.3z"
                      />
                    </svg>
                  </span>
                </div>
                <div
                  className="ant-rate-star-second"
                >
                  <span
                    aria-label="star"
                    className="anticon anticon-star"
                    role="img"
                  >
                    <svg
                      aria-hidden="true"
                      data-icon="star"
                      fill="currentColor"
                      focusable="false"
                      height="1em"
                      viewBox="64 64 896 896"
                      width="1em"
                    >
                      <path
                        d="M908.1 353.1l-253.9-36.9L540.7 86.1c-3.1-6.3-8.2-11.4-14.5-14.5-15.8-7.8-35-1.3-42.9 14.5L369.8 316.2l-253.9 36.9c-7 1-13.4 4.3-18.3 9.3a32.05 32.05 0 00.6 45.3l183.7 179.1-43.4 252.9a31.95 31.95 0 0046.4 33.7L512 754l227.1 119.4c6.2 3.3 13.4 4.4 20.3 3.2 17.4-3 29.1-19.5 26.1-36.9l-43.4-252.9 183.7-179.1c5-4.9 8.3-11.3 9.3-18.3 2.7-17.5-9.5-33.7-27-36.3z"
                      />
                    </svg>
                  </span>
                </div>
              </div>
            </li>
            <li
              className="ant-rate-star ant-rate-star-zero"
            >
              <div
                aria-checked="false"
                aria-posinset={3}
                aria-setsize={5}
                onClick={[Function]}
                onKeyDown={[Function]}
                onMouseMove={[Function]}
                role="radio"
                tabIndex={0}
              >
                <div
                  className="ant-rate-star-first"
                >
                  <span
                    aria-label="star"
                    className="anticon anticon-star"
                    role="img"
                  >
                    <svg
                      aria-hidden="true"
                      data-icon="star"
                      fill="currentColor"
                      focusable="false"
                      height="1em"
                      viewBox="64 64 896 896"
                      width="1em"
                    >
                      <path
                        d="M908.1 353.1l-253.9-36.9L540.7 86.1c-3.1-6.3-8.2-11.4-14.5-14.5-15.8-7.8-35-1.3-42.9 14.5L369.8 316.2l-253.9 36.9c-7 1-13.4 4.3-18.3 9.3a32.05 32.05 0 00.6 45.3l183.7 179.1-43.4 252.9a31.95 31.95 0 0046.4 33.7L512 754l227.1 119.4c6.2 3.3 13.4 4.4 20.3 3.2 17.4-3 29.1-19.5 26.1-36.9l-43.4-252.9 183.7-179.1c5-4.9 8.3-11.3 9.3-18.3 2.7-17.5-9.5-33.7-27-36.3z"
                      />
                    </svg>
                  </span>
                </div>
                <div
                  className="ant-rate-star-second"
                >
                  <span
                    aria-label="star"
                    className="anticon anticon-star"
                    role="img"
                  >
                    <svg
                      aria-hidden="true"
                      data-icon="star"
                      fill="currentColor"
                      focusable="false"
                      height="1em"
                      viewBox="64 64 896 896"
                      width="1em"
                    >
                      <path
                        d="M908.1 353.1l-253.9-36.9L540.7 86.1c-3.1-6.3-8.2-11.4-14.5-14.5-15.8-7.8-35-1.3-42.9 14.5L369.8 316.2l-253.9 36.9c-7 1-13.4 4.3-18.3 9.3a32.05 32.05 0 00.6 45.3l183.7 179.1-43.4 252.9a31.95 31.95 0 0046.4 33.7L512 754l227.1 119.4c6.2 3.3 13.4 4.4 20.3 3.2 17.4-3 29.1-19.5 26.1-36.9l-43.4-252.9 183.7-179.1c5-4.9 8.3-11.3 9.3-18.3 2.7-17.5-9.5-33.7-27-36.3z"
                      />
                    </svg>
                  </span>
                </div>
              </div>
            </li>
            <li
              className="ant-rate-star ant-rate-star-zero"
            >
              <div
                aria-checked="false"
                aria-posinset={4}
                aria-setsize={5}
                onClick={[Function]}
                onKeyDown={[Function]}
                onMouseMove={[Function]}
                role="radio"
                tabIndex={0}
              >
                <div
                  className="ant-rate-star-first"
                >
                  <span
                    aria-label="star"
                    className="anticon anticon-star"
                    role="img"
                  >
                    <svg
                      aria-hidden="true"
                      data-icon="star"
                      fill="currentColor"
                      focusable="false"
                      height="1em"
                      viewBox="64 64 896 896"
                      width="1em"
                    >
                      <path
                        d="M908.1 353.1l-253.9-36.9L540.7 86.1c-3.1-6.3-8.2-11.4-14.5-14.5-15.8-7.8-35-1.3-42.9 14.5L369.8 316.2l-253.9 36.9c-7 1-13.4 4.3-18.3 9.3a32.05 32.05 0 00.6 45.3l183.7 179.1-43.4 252.9a31.95 31.95 0 0046.4 33.7L512 754l227.1 119.4c6.2 3.3 13.4 4.4 20.3 3.2 17.4-3 29.1-19.5 26.1-36.9l-43.4-252.9 183.7-179.1c5-4.9 8.3-11.3 9.3-18.3 2.7-17.5-9.5-33.7-27-36.3z"
                      />
                    </svg>
                  </span>
                </div>
                <div
                  className="ant-rate-star-second"
                >
                  <span
                    aria-label="star"
                    className="anticon anticon-star"
                    role="img"
                  >
                    <svg
                      aria-hidden="true"
                      data-icon="star"
                      fill="currentColor"
                      focusable="false"
                      height="1em"
                      viewBox="64 64 896 896"
                      width="1em"
                    >
                      <path
                        d="M908.1 353.1l-253.9-36.9L540.7 86.1c-3.1-6.3-8.2-11.4-14.5-14.5-15.8-7.8-35-1.3-42.9 14.5L369.8 316.2l-253.9 36.9c-7 1-13.4 4.3-18.3 9.3a32.05 32.05 0 00.6 45.3l183.7 179.1-43.4 252.9a31.95 31.95 0 0046.4 33.7L512 754l227.1 119.4c6.2 3.3 13.4 4.4 20.3 3.2 17.4-3 29.1-19.5 26.1-36.9l-43.4-252.9 183.7-179.1c5-4.9 8.3-11.3 9.3-18.3 2.7-17.5-9.5-33.7-27-36.3z"
                      />
                    </svg>
                  </span>
                </div>
              </div>
            </li>
            <li
              className="ant-rate-star ant-rate-star-zero"
            >
              <div
                aria-checked="false"
                aria-posinset={5}
                aria-setsize={5}
                onClick={[Function]}
                onKeyDown={[Function]}
                onMouseMove={[Function]}
                role="radio"
                tabIndex={0}
              >
                <div
                  className="ant-rate-star-first"
                >
                  <span
                    aria-label="star"
                    className="anticon anticon-star"
                    role="img"
                  >
                    <svg
                      aria-hidden="true"
                      data-icon="star"
                      fill="currentColor"
                      focusable="false"
                      height="1em"
                      viewBox="64 64 896 896"
                      width="1em"
                    >
                      <path
                        d="M908.1 353.1l-253.9-36.9L540.7 86.1c-3.1-6.3-8.2-11.4-14.5-14.5-15.8-7.8-35-1.3-42.9 14.5L369.8 316.2l-253.9 36.9c-7 1-13.4 4.3-18.3 9.3a32.05 32.05 0 00.6 45.3l183.7 179.1-43.4 252.9a31.95 31.95 0 0046.4 33.7L512 754l227.1 119.4c6.2 3.3 13.4 4.4 20.3 3.2 17.4-3 29.1-19.5 26.1-36.9l-43.4-252.9 183.7-179.1c5-4.9 8.3-11.3 9.3-18.3 2.7-17.5-9.5-33.7-27-36.3z"
                      />
                    </svg>
                  </span>
                </div>
                <div
                  className="ant-rate-star-second"
                >
                  <span
                    aria-label="star"
                    className="anticon anticon-star"
                    role="img"
                  >
                    <svg
                      aria-hidden="true"
                      data-icon="star"
                      fill="currentColor"
                      focusable="false"
                      height="1em"
                      viewBox="64 64 896 896"
                      width="1em"
                    >
                      <path
                        d="M908.1 353.1l-253.9-36.9L540.7 86.1c-3.1-6.3-8.2-11.4-14.5-14.5-15.8-7.8-35-1.3-42.9 14.5L369.8 316.2l-253.9 36.9c-7 1-13.4 4.3-18.3 9.3a32.05 32.05 0 00.6 45.3l183.7 179.1-43.4 252.9a31.95 31.95 0 0046.4 33.7L512 754l227.1 119.4c6.2 3.3 13.4 4.4 20.3 3.2 17.4-3 29.1-19.5 26.1-36.9l-43.4-252.9 183.7-179.1c5-4.9 8.3-11.3 9.3-18.3 2.7-17.5-9.5-33.7-27-36.3z"
                      />
                    </svg>
                  </span>
                </div>
              </div>
            </li>
          </ul>
        </div>
        <div
          className="progress_item"
        >
          <div
            aria-valuemax={100}
            aria-valuemin={0}
            aria-valuenow={10}
            className="ant-progress ant-progress-status-normal ant-progress-line ant-progress-line-align-end ant-progress-line-position-outer ant-progress-show-info css-dev-only-do-not-override-d2lrxs"
            role="progressbar"
            style={Object {}}
          >
            <div
              className="ant-progress-outer"
              style={
                Object {
                  "width": 300,
                }
              }
            >
              <div
                className="ant-progress-inner"
                style={
                  Object {
                    "backgroundColor": undefined,
                    "borderRadius": undefined,
                  }
                }
              >
                <div
                  className="ant-progress-bg ant-progress-bg-outer"
                  style={
                    Object {
                      "--progress-line-stroke-color": undefined,
                      "--progress-percent": 0.1,
                      "background": undefined,
                      "borderRadius": undefined,
                      "height": 20,
                      "width": "10%",
                    }
                  }
                />
              </div>
              <span
                className="ant-progress-text ant-progress-text-end ant-progress-text-outer"
                title="10%"
              >
                10%
              </span>
            </div>
          </div>
          <ul
            className="ant-rate icon_star css-dev-only-do-not-override-d2lrxs"
            onBlur={[Function]}
            onFocus={[Function]}
            onKeyDown={[Function]}
            onMouseLeave={[Function]}
            role="radiogroup"
            style={Object {}}
            tabIndex={0}
          >
            <li
              className="ant-rate-star ant-rate-star-full"
            >
              <div
                aria-checked="true"
                aria-posinset={1}
                aria-setsize={5}
                onClick={[Function]}
                onKeyDown={[Function]}
                onMouseMove={[Function]}
                role="radio"
                tabIndex={0}
              >
                <div
                  className="ant-rate-star-first"
                >
                  <span
                    aria-label="star"
                    className="anticon anticon-star"
                    role="img"
                  >
                    <svg
                      aria-hidden="true"
                      data-icon="star"
                      fill="currentColor"
                      focusable="false"
                      height="1em"
                      viewBox="64 64 896 896"
                      width="1em"
                    >
                      <path
                        d="M908.1 353.1l-253.9-36.9L540.7 86.1c-3.1-6.3-8.2-11.4-14.5-14.5-15.8-7.8-35-1.3-42.9 14.5L369.8 316.2l-253.9 36.9c-7 1-13.4 4.3-18.3 9.3a32.05 32.05 0 00.6 45.3l183.7 179.1-43.4 252.9a31.95 31.95 0 0046.4 33.7L512 754l227.1 119.4c6.2 3.3 13.4 4.4 20.3 3.2 17.4-3 29.1-19.5 26.1-36.9l-43.4-252.9 183.7-179.1c5-4.9 8.3-11.3 9.3-18.3 2.7-17.5-9.5-33.7-27-36.3z"
                      />
                    </svg>
                  </span>
                </div>
                <div
                  className="ant-rate-star-second"
                >
                  <span
                    aria-label="star"
                    className="anticon anticon-star"
                    role="img"
                  >
                    <svg
                      aria-hidden="true"
                      data-icon="star"
                      fill="currentColor"
                      focusable="false"
                      height="1em"
                      viewBox="64 64 896 896"
                      width="1em"
                    >
                      <path
                        d="M908.1 353.1l-253.9-36.9L540.7 86.1c-3.1-6.3-8.2-11.4-14.5-14.5-15.8-7.8-35-1.3-42.9 14.5L369.8 316.2l-253.9 36.9c-7 1-13.4 4.3-18.3 9.3a32.05 32.05 0 00.6 45.3l183.7 179.1-43.4 252.9a31.95 31.95 0 0046.4 33.7L512 754l227.1 119.4c6.2 3.3 13.4 4.4 20.3 3.2 17.4-3 29.1-19.5 26.1-36.9l-43.4-252.9 183.7-179.1c5-4.9 8.3-11.3 9.3-18.3 2.7-17.5-9.5-33.7-27-36.3z"
                      />
                    </svg>
                  </span>
                </div>
              </div>
            </li>
            <li
              className="ant-rate-star ant-rate-star-zero"
            >
              <div
                aria-checked="false"
                aria-posinset={2}
                aria-setsize={5}
                onClick={[Function]}
                onKeyDown={[Function]}
                onMouseMove={[Function]}
                role="radio"
                tabIndex={0}
              >
                <div
                  className="ant-rate-star-first"
                >
                  <span
                    aria-label="star"
                    className="anticon anticon-star"
                    role="img"
                  >
                    <svg
                      aria-hidden="true"
                      data-icon="star"
                      fill="currentColor"
                      focusable="false"
                      height="1em"
                      viewBox="64 64 896 896"
                      width="1em"
                    >
                      <path
                        d="M908.1 353.1l-253.9-36.9L540.7 86.1c-3.1-6.3-8.2-11.4-14.5-14.5-15.8-7.8-35-1.3-42.9 14.5L369.8 316.2l-253.9 36.9c-7 1-13.4 4.3-18.3 9.3a32.05 32.05 0 00.6 45.3l183.7 179.1-43.4 252.9a31.95 31.95 0 0046.4 33.7L512 754l227.1 119.4c6.2 3.3 13.4 4.4 20.3 3.2 17.4-3 29.1-19.5 26.1-36.9l-43.4-252.9 183.7-179.1c5-4.9 8.3-11.3 9.3-18.3 2.7-17.5-9.5-33.7-27-36.3z"
                      />
                    </svg>
                  </span>
                </div>
                <div
                  className="ant-rate-star-second"
                >
                  <span
                    aria-label="star"
                    className="anticon anticon-star"
                    role="img"
                  >
                    <svg
                      aria-hidden="true"
                      data-icon="star"
                      fill="currentColor"
                      focusable="false"
                      height="1em"
                      viewBox="64 64 896 896"
                      width="1em"
                    >
                      <path
                        d="M908.1 353.1l-253.9-36.9L540.7 86.1c-3.1-6.3-8.2-11.4-14.5-14.5-15.8-7.8-35-1.3-42.9 14.5L369.8 316.2l-253.9 36.9c-7 1-13.4 4.3-18.3 9.3a32.05 32.05 0 00.6 45.3l183.7 179.1-43.4 252.9a31.95 31.95 0 0046.4 33.7L512 754l227.1 119.4c6.2 3.3 13.4 4.4 20.3 3.2 17.4-3 29.1-19.5 26.1-36.9l-43.4-252.9 183.7-179.1c5-4.9 8.3-11.3 9.3-18.3 2.7-17.5-9.5-33.7-27-36.3z"
                      />
                    </svg>
                  </span>
                </div>
              </div>
            </li>
            <li
              className="ant-rate-star ant-rate-star-zero"
            >
              <div
                aria-checked="false"
                aria-posinset={3}
                aria-setsize={5}
                onClick={[Function]}
                onKeyDown={[Function]}
                onMouseMove={[Function]}
                role="radio"
                tabIndex={0}
              >
                <div
                  className="ant-rate-star-first"
                >
                  <span
                    aria-label="star"
                    className="anticon anticon-star"
                    role="img"
                  >
                    <svg
                      aria-hidden="true"
                      data-icon="star"
                      fill="currentColor"
                      focusable="false"
                      height="1em"
                      viewBox="64 64 896 896"
                      width="1em"
                    >
                      <path
                        d="M908.1 353.1l-253.9-36.9L540.7 86.1c-3.1-6.3-8.2-11.4-14.5-14.5-15.8-7.8-35-1.3-42.9 14.5L369.8 316.2l-253.9 36.9c-7 1-13.4 4.3-18.3 9.3a32.05 32.05 0 00.6 45.3l183.7 179.1-43.4 252.9a31.95 31.95 0 0046.4 33.7L512 754l227.1 119.4c6.2 3.3 13.4 4.4 20.3 3.2 17.4-3 29.1-19.5 26.1-36.9l-43.4-252.9 183.7-179.1c5-4.9 8.3-11.3 9.3-18.3 2.7-17.5-9.5-33.7-27-36.3z"
                      />
                    </svg>
                  </span>
                </div>
                <div
                  className="ant-rate-star-second"
                >
                  <span
                    aria-label="star"
                    className="anticon anticon-star"
                    role="img"
                  >
                    <svg
                      aria-hidden="true"
                      data-icon="star"
                      fill="currentColor"
                      focusable="false"
                      height="1em"
                      viewBox="64 64 896 896"
                      width="1em"
                    >
                      <path
                        d="M908.1 353.1l-253.9-36.9L540.7 86.1c-3.1-6.3-8.2-11.4-14.5-14.5-15.8-7.8-35-1.3-42.9 14.5L369.8 316.2l-253.9 36.9c-7 1-13.4 4.3-18.3 9.3a32.05 32.05 0 00.6 45.3l183.7 179.1-43.4 252.9a31.95 31.95 0 0046.4 33.7L512 754l227.1 119.4c6.2 3.3 13.4 4.4 20.3 3.2 17.4-3 29.1-19.5 26.1-36.9l-43.4-252.9 183.7-179.1c5-4.9 8.3-11.3 9.3-18.3 2.7-17.5-9.5-33.7-27-36.3z"
                      />
                    </svg>
                  </span>
                </div>
              </div>
            </li>
            <li
              className="ant-rate-star ant-rate-star-zero"
            >
              <div
                aria-checked="false"
                aria-posinset={4}
                aria-setsize={5}
                onClick={[Function]}
                onKeyDown={[Function]}
                onMouseMove={[Function]}
                role="radio"
                tabIndex={0}
              >
                <div
                  className="ant-rate-star-first"
                >
                  <span
                    aria-label="star"
                    className="anticon anticon-star"
                    role="img"
                  >
                    <svg
                      aria-hidden="true"
                      data-icon="star"
                      fill="currentColor"
                      focusable="false"
                      height="1em"
                      viewBox="64 64 896 896"
                      width="1em"
                    >
                      <path
                        d="M908.1 353.1l-253.9-36.9L540.7 86.1c-3.1-6.3-8.2-11.4-14.5-14.5-15.8-7.8-35-1.3-42.9 14.5L369.8 316.2l-253.9 36.9c-7 1-13.4 4.3-18.3 9.3a32.05 32.05 0 00.6 45.3l183.7 179.1-43.4 252.9a31.95 31.95 0 0046.4 33.7L512 754l227.1 119.4c6.2 3.3 13.4 4.4 20.3 3.2 17.4-3 29.1-19.5 26.1-36.9l-43.4-252.9 183.7-179.1c5-4.9 8.3-11.3 9.3-18.3 2.7-17.5-9.5-33.7-27-36.3z"
                      />
                    </svg>
                  </span>
                </div>
                <div
                  className="ant-rate-star-second"
                >
                  <span
                    aria-label="star"
                    className="anticon anticon-star"
                    role="img"
                  >
                    <svg
                      aria-hidden="true"
                      data-icon="star"
                      fill="currentColor"
                      focusable="false"
                      height="1em"
                      viewBox="64 64 896 896"
                      width="1em"
                    >
                      <path
                        d="M908.1 353.1l-253.9-36.9L540.7 86.1c-3.1-6.3-8.2-11.4-14.5-14.5-15.8-7.8-35-1.3-42.9 14.5L369.8 316.2l-253.9 36.9c-7 1-13.4 4.3-18.3 9.3a32.05 32.05 0 00.6 45.3l183.7 179.1-43.4 252.9a31.95 31.95 0 0046.4 33.7L512 754l227.1 119.4c6.2 3.3 13.4 4.4 20.3 3.2 17.4-3 29.1-19.5 26.1-36.9l-43.4-252.9 183.7-179.1c5-4.9 8.3-11.3 9.3-18.3 2.7-17.5-9.5-33.7-27-36.3z"
                      />
                    </svg>
                  </span>
                </div>
              </div>
            </li>
            <li
              className="ant-rate-star ant-rate-star-zero"
            >
              <div
                aria-checked="false"
                aria-posinset={5}
                aria-setsize={5}
                onClick={[Function]}
                onKeyDown={[Function]}
                onMouseMove={[Function]}
                role="radio"
                tabIndex={0}
              >
                <div
                  className="ant-rate-star-first"
                >
                  <span
                    aria-label="star"
                    className="anticon anticon-star"
                    role="img"
                  >
                    <svg
                      aria-hidden="true"
                      data-icon="star"
                      fill="currentColor"
                      focusable="false"
                      height="1em"
                      viewBox="64 64 896 896"
                      width="1em"
                    >
                      <path
                        d="M908.1 353.1l-253.9-36.9L540.7 86.1c-3.1-6.3-8.2-11.4-14.5-14.5-15.8-7.8-35-1.3-42.9 14.5L369.8 316.2l-253.9 36.9c-7 1-13.4 4.3-18.3 9.3a32.05 32.05 0 00.6 45.3l183.7 179.1-43.4 252.9a31.95 31.95 0 0046.4 33.7L512 754l227.1 119.4c6.2 3.3 13.4 4.4 20.3 3.2 17.4-3 29.1-19.5 26.1-36.9l-43.4-252.9 183.7-179.1c5-4.9 8.3-11.3 9.3-18.3 2.7-17.5-9.5-33.7-27-36.3z"
                      />
                    </svg>
                  </span>
                </div>
                <div
                  className="ant-rate-star-second"
                >
                  <span
                    aria-label="star"
                    className="anticon anticon-star"
                    role="img"
                  >
                    <svg
                      aria-hidden="true"
                      data-icon="star"
                      fill="currentColor"
                      focusable="false"
                      height="1em"
                      viewBox="64 64 896 896"
                      width="1em"
                    >
                      <path
                        d="M908.1 353.1l-253.9-36.9L540.7 86.1c-3.1-6.3-8.2-11.4-14.5-14.5-15.8-7.8-35-1.3-42.9 14.5L369.8 316.2l-253.9 36.9c-7 1-13.4 4.3-18.3 9.3a32.05 32.05 0 00.6 45.3l183.7 179.1-43.4 252.9a31.95 31.95 0 0046.4 33.7L512 754l227.1 119.4c6.2 3.3 13.4 4.4 20.3 3.2 17.4-3 29.1-19.5 26.1-36.9l-43.4-252.9 183.7-179.1c5-4.9 8.3-11.3 9.3-18.3 2.7-17.5-9.5-33.7-27-36.3z"
                      />
                    </svg>
                  </span>
                </div>
              </div>
            </li>
          </ul>
        </div>
      </div>
    </div>
    <div
      className="course_detail_reviews-comments"
    >
      <div
        className="course_detail_reviews-comments-search"
      >
        <h3>
          All Reviews
        </h3>
        <form
          action=""
          className="search"
        >
          <input
            id=""
            name=""
            placeholder="Search review..."
            type="text"
          />
          <button>
            <span
              aria-label="search"
              className="anticon anticon-search search-icon"
              role="img"
            >
              <svg
                aria-hidden="true"
                data-icon="search"
                fill="currentColor"
                focusable="false"
                height="1em"
                viewBox="64 64 896 896"
                width="1em"
              >
                <path
                  d="M909.6 854.5L649.9 594.8C690.2 542.7 712 479 712 412c0-80.2-31.3-155.4-87.9-212.1-56.6-56.7-132-87.9-212.1-87.9s-155.5 31.3-212.1 87.9C143.2 256.5 112 331.8 112 412c0 80.1 31.3 155.5 87.9 212.1C256.5 680.8 331.8 712 412 712c67 0 130.6-21.8 182.7-62l259.7 259.6a8.2 8.2 0 0011.6 0l43.6-43.5a8.2 8.2 0 000-11.6zM570.4 570.4C528 612.7 471.8 636 412 636s-116-23.3-158.4-65.6C211.3 528 188 471.8 188 412s23.3-116.1 65.6-158.4C296 211.3 352.2 188 412 188s116.1 23.2 158.4 65.6S636 352.2 636 412s-23.3 116.1-65.6 158.4z"
                />
              </svg>
            </span>
          </button>
        </form>
      </div>
      <div
        className="course_detail_reviews-comments-box"
      />
    </div>
  </div>
</div>
`;
