// Jest Snapshot v1, https://goo.gl/fbAQLP

exports[`test verification page 1`] = `
<div
  className="wrapper12 _help "
>
  <div
    className="help-background"
  >
    <div
      className="container-fluid"
    >
      <div
        className="row"
      >
        <div
          className="col-lg-12"
        >
          <div
            className="helpSection"
          >
            <div
              className="row justify-content-md-center"
            >
              <div
                className="col-md-6"
              >
                <div
                  className="help_title"
                >
                  <h2>
                    How may we help you?
                  </h2>
                  <div>
                    <div
                      className="search-focus"
                    >
                      <div
                        className="search-input"
                      >
                        <img
                          className="search_icon"
                          src="searchIcon.png"
                        />
                        <input
                          className="explore-search"
                          placeholder="Search for solutions"
                          type="text"
                        />
                      </div>
                    </div>
                  </div>
                </div>
              </div>
            </div>
          </div>
        </div>
      </div>
    </div>
  </div>
  <div
    className="instu-tab"
  >
    <div
      className="container"
    >
      <div
        className="row"
      >
        <div
          className="col-lg-12"
        >
          <div
            className="instu-section"
          >
            <div
              className="ins-or-stu"
            >
              <nav>
                <div
                  className="nav nav-tabs tab_crse"
                  id="nav-tab"
                  role="tablist"
                >
                  <a
                    aria-selected={true}
                    className="nav-item nav-link active"
                    data-bs-toggle="tab"
                    href="#nav-instructor"
                    id="nav-instructor-tab"
                    onClick={[Function]}
                    role="tab"
                  >
                    Instructor
                  </a>
                  <a
                    aria-selected={false}
                    className="nav-item nav-link "
                    data-bs-toggle="tab"
                    href="#nav-student"
                    id="nav-student-tab"
                    onClick={[Function]}
                    role="tab"
                  >
                    Student
                  </a>
                </div>
              </nav>
            </div>
          </div>
        </div>
      </div>
    </div>
  </div>
  <div
    className="instu-content"
  >
    <div
      className="container-fluid"
    >
      <div
        className="row"
      >
        <div
          className="col-lg-12"
        >
          <div
            className="course_tab_content"
          >
            <div
              className="tab-content"
              id="nav-tabContent"
            >
              <div
                aria-labelledby="nav-instructor-tab"
                className="tab-pane fade active show"
                id="nav-instructor"
                role="tabpanel"
              >
                <div
                  className="instr-cont"
                >
                  <div
                    className="ins-topic"
                  >
                    <h3>
                      Select a topic to search for help
                    </h3>
                  </div>
                  <div
                    className="helpCont"
                  >
                    <div
                      className="row"
                    >
                      <div
                        className="col-md-4"
                      >
                        <a
                          className="help-props"
                          href="#"
                        >
                          <div
                            className="value_props100"
                          >
                            <div
                              className="value_icon"
                            >
                              <img
                                src="wallet.png"
                              />
                            </div>
                            <div
                              className="value_contents"
                            >
                              <h4>
                                Payments
                              </h4>
                              <p>
                                Understand the revenue share and how to receive payments
                              </p>
                            </div>
                          </div>
                        </a>
                      </div>
                      <div
                        className="col-md-4"
                      >
                        <a
                          className="help-props"
                          href="#"
                        >
                          <div
                            className="value_props100"
                          >
                            <div
                              className="value_icon"
                            >
                              <img
                                src="wallet.png"
                              />
                            </div>
                            <div
                              className="value_contents"
                            >
                              <h4>
                                Selling & Promotion
                              </h4>
                              <p>
                                Learn about the announcement and promotional tools
                              </p>
                            </div>
                          </div>
                        </a>
                      </div>
                      <div
                        className="col-md-4"
                      >
                        <a
                          className="help-props"
                          href="#"
                        >
                          <div
                            className="value_props100"
                          >
                            <div
                              className="value_icon"
                            >
                              <img
                                src="wallet.png"
                              />
                            </div>
                            <div
                              className="value_contents"
                            >
                              <h4>
                                Quality Standards
                              </h4>
                              <p>
                                Learn what it takes to create a high quality course
                              </p>
                            </div>
                          </div>
                        </a>
                      </div>
                      <div
                        className="col-md-4"
                      >
                        <a
                          className="help-props"
                          href="#"
                        >
                          <div
                            className="value_props100"
                          >
                            <div
                              className="value_icon"
                            >
                              <img
                                src="wallet.png"
                              />
                            </div>
                            <div
                              className="value_contents"
                            >
                              <h4>
                                Course Building
                              </h4>
                              <p>
                                Build your course curriculum and landing page
                              </p>
                            </div>
                          </div>
                        </a>
                      </div>
                      <div
                        className="col-md-4"
                      >
                        <a
                          className="help-props"
                          href="#"
                        >
                          <div
                            className="value_props100"
                          >
                            <div
                              className="value_icon"
                            >
                              <img
                                src="wallet.png"
                              />
                            </div>
                            <div
                              className="value_contents"
                            >
                              <h4>
                                Course Management
                              </h4>
                              <p>
                                Maintain your course and engage with students
                              </p>
                            </div>
                          </div>
                        </a>
                      </div>
                      <div
                        className="col-md-4"
                      >
                        <a
                          className="help-props"
                          href="#"
                        >
                          <div
                            className="value_props100"
                          >
                            <div
                              className="value_icon"
                            >
                              <img
                                src="wallet.png"
                              />
                            </div>
                            <div
                              className="value_contents"
                            >
                              <h4>
                                Trust & Safety
                              </h4>
                              <p>
                                Policy and copyright questions and guidance
                              </p>
                            </div>
                          </div>
                        </a>
                      </div>
                    </div>
                  </div>
                </div>
                <div
                  className="faqs"
                >
                  <div
                    className="ins-topic"
                  >
                    <h3>
                      Frequently Asked Questions
                    </h3>
                  </div>
                  <div
                    className="faq-section"
                  >
                    <div
                      className="row"
                    >
                      <div
                        className="col-md-4"
                      >
                        <a
                          className="value_props1000"
                          href="#"
                        >
                          Promote Your Course With Coupons and Referral Links
                        </a>
                      </div>
                      <div
                        className="col-md-4"
                      >
                        <a
                          className="value_props1000"
                          href="#"
                        >
                          Cursus Course Quality Checklist
                        </a>
                      </div>
                      <div
                        className="col-md-4"
                      >
                        <a
                          className="value_props1000"
                          href="#"
                        >
                          Instructor Revenue Share
                        </a>
                      </div>
                      <div
                        className="col-md-4"
                      >
                        <a
                          className="value_props1000"
                          href="#"
                        >
                          Instructor Promotional Agreements and Cursus Deals
                        </a>
                      </div>
                      <div
                        className="col-md-4"
                      >
                        <a
                          className="value_props1000"
                          href="#"
                        >
                          How to Become an Instructor: FAQ
                        </a>
                      </div>
                      <div
                        className="col-md-4"
                      >
                        <a
                          className="value_props1000"
                          href="#"
                        >
                          How to Select Your Payout Method and Become a Premium Instructor
                        </a>
                      </div>
                    </div>
                  </div>
                </div>
              </div>
              <div
                aria-labelledby="nav-student-tab"
                className="tab-pane fade "
                id="nav-student"
                role="tabpanel"
              >
                <div
                  className="instr-cont"
                >
                  <div
                    className="ins-topic"
                  >
                    <h3>
                      Select a topic to search for help
                    </h3>
                  </div>
                  <div
                    className="helpCont"
                  >
                    <div
                      className="row"
                    >
                      <div
                        className="col-md-4"
                      >
                        <a
                          className="help-props"
                          href="#"
                        >
                          <div
                            className="value_props100"
                          >
                            <div
                              className="value_icon"
                            >
                              <img
                                src="start.png"
                              />
                            </div>
                            <div
                              className="value_contents"
                            >
                              <h4>
                                Getting Started
                              </h4>
                              <p>
                                Learn how Cursus works and how to start learning
                              </p>
                            </div>
                          </div>
                        </a>
                      </div>
                      <div
                        className="col-md-4"
                      >
                        <a
                          className="help-props"
                          href="#"
                        >
                          <div
                            className="value_props100"
                          >
                            <div
                              className="value_icon"
                            >
                              <img
                                src="start.png"
                              />
                            </div>
                            <div
                              className="value_contents"
                            >
                              <h4>
                                Account/Profile
                              </h4>
                              <p>
                                Manage your account settings
                              </p>
                            </div>
                          </div>
                        </a>
                      </div>
                      <div
                        className="col-md-4"
                      >
                        <a
                          className="help-props"
                          href="#"
                        >
                          <div
                            className="value_props100"
                          >
                            <div
                              className="value_icon"
                            >
                              <img
                                src="start.png"
                              />
                            </div>
                            <div
                              className="value_contents"
                            >
                              <h4>
                                Troubleshooting
                              </h4>
                              <p>
                                Experiencing a bug? Check here
                              </p>
                            </div>
                          </div>
                        </a>
                      </div>
                      <div
                        className="col-md-4"
                      >
                        <a
                          className="help-props"
                          href="#"
                        >
                          <div
                            className="value_props100"
                          >
                            <div
                              className="value_icon"
                            >
                              <img
                                src="start.png"
                              />
                            </div>
                            <div
                              className="value_contents"
                            >
                              <h4>
                                Course Taking
                              </h4>
                              <p>
                                Everything about taking a course on Udemy
                              </p>
                            </div>
                          </div>
                        </a>
                      </div>
                      <div
                        className="col-md-4"
                      >
                        <a
                          className="help-props"
                          href="#"
                        >
                          <div
                            className="value_props100"
                          >
                            <div
                              className="value_icon"
                            >
                              <img
                                src="start.png"
                              />
                            </div>
                            <div
                              className="value_contents"
                            >
                              <h4>
                                Purchase/Refunds
                              </h4>
                              <p>
                                Learn about coupons, how to send gifts, and refunds
                              </p>
                            </div>
                          </div>
                        </a>
                      </div>
                      <div
                        className="col-md-4"
                      >
                        <a
                          className="help-props"
                          href="#"
                        >
                          <div
                            className="value_props100"
                          >
                            <div
                              className="value_icon"
                            >
                              <img
                                src="start.png"
                              />
                            </div>
                            <div
                              className="value_contents"
                            >
                              <h4>
                                Mobile
                              </h4>
                              <p>
                                On the go? Learn about our mobile app
                              </p>
                            </div>
                          </div>
                        </a>
                      </div>
                    </div>
                  </div>
                </div>
                <div
                  className="faqs"
                >
                  <div
                    className="ins-topic"
                  >
                    <h3>
                      Frequently Asked Questions
                    </h3>
                  </div>
                  <div
                    className="faq-section"
                  >
                    <div
                      className="row"
                    >
                      <div
                        className="col-md-4"
                      >
                        <a
                          className="value_props1000"
                          href="#"
                        >
                          Lifetime Access
                        </a>
                      </div>
                      <div
                        className="col-md-4"
                      >
                        <a
                          className="value_props1000"
                          href="#"
                        >
                          Cursus FAQ
                        </a>
                      </div>
                      <div
                        className="col-md-4"
                      >
                        <a
                          className="value_props1000"
                          href="#"
                        >
                          Downloading Courses
                        </a>
                      </div>
                      <div
                        className="col-md-4"
                      >
                        <a
                          className="value_props1000"
                          href="#"
                        >
                          Certificate of Completion
                        </a>
                      </div>
                      <div
                        className="col-md-4"
                      >
                        <a
                          className="value_props1000"
                          href="#"
                        >
                          Refund a Course
                        </a>
                      </div>
                      <div
                        className="col-md-4"
                      >
                        <a
                          className="value_props1000"
                          href="#"
                        >
                          How to Solve Payment Issues
                        </a>
                      </div>
                    </div>
                  </div>
                </div>
              </div>
            </div>
          </div>
        </div>
      </div>
    </div>
  </div>
</div>
`;
