// Jest Snapshot v1, https://goo.gl/fbAQLP

exports[`Component My_Certificates displays certificate data when loading is complete 1`] = `
<DocumentFragment>
  <div
    class="wrapper-my-certificates "
    style=""
  >
    <div
      class="container-fluid"
    >
      <div
        class="row"
      >
        <div
          class="col-lg-12"
        >
          <h2
            class="my-certificates-title"
          >
            <i
              class="uil uil-award-my-certificates"
            />
             
            <svg
              class="award-icon"
              fill="currentColor"
              height="20"
              viewBox="0 0 24 24"
              width="20"
              xmlns="http://www.w3.org/2000/svg"
            >
              <path
                d="M20.87,17.25l-2.71-4.68A6.9,6.9,0,0,0,19,9.25a7,7,0,0,0-14,0,6.9,6.9,0,0,0,.84,3.32L3.13,17.25A1,1,0,0,0,4,18.75l2.87,0,1.46,2.46a1,1,0,0,0,.18.22,1,1,0,0,0,.69.28h.14a1,1,0,0,0,.73-.49L12,17.9l1.93,3.35a1,1,0,0,0,.73.48h.14a1,1,0,0,0,.7-.28.87.87,0,0,0,.17-.21l1.46-2.46,2.87,0a1,1,0,0,0,.87-.5A1,1,0,0,0,20.87,17.25ZM9.19,18.78,8.3,17.29a1,1,0,0,0-.85-.49l-1.73,0,1.43-2.48a7,7,0,0,0,3.57,1.84ZM12,14.25a5,5,0,1,1,5-5A5,5,0,0,1,12,14.25Zm4.55,2.55a1,1,0,0,0-.85.49l-.89,1.49-1.52-2.65a7.06,7.06,0,0,0,3.56-1.84l1.43,2.48Z"
              />
            </svg>
             My Certificates
          </h2>
        </div>
      </div>
      <div
        class="row"
      >
        <div
          class="col-12"
        >
          <div
            class="mt-10"
          >
            <div
              class="card-dash-my-cerificate"
            >
              <div
                class="card-dash-left-my-cerificate"
              >
                <i
                  class="uil uil-award-new-certificate"
                />
                <svg
                  fill="#686f7a"
                  height="32"
                  viewBox="0 0 24 24"
                  width="32"
                  xmlns="http://www.w3.org/2000/svg"
                >
                  <path
                    d="M20.87,17.25l-2.71-4.68A6.9,6.9,0,0,0,19,9.25a7,7,0,0,0-14,0,6.9,6.9,0,0,0,.84,3.32L3.13,17.25A1,1,0,0,0,4,18.75l2.87,0,1.46,2.46a1,1,0,0,0,.18.22,1,1,0,0,0,.69.28h.14a1,1,0,0,0,.73-.49L12,17.9l1.93,3.35a1,1,0,0,0,.73.48h.14a1,1,0,0,0,.7-.28.87.87,0,0,0,.17-.21l1.46-2.46,2.87,0a1,1,0,0,0,.87-.5A1,1,0,0,0,20.87,17.25ZM9.19,18.78,8.3,17.29a1,1,0,0,0-.85-.49l-1.73,0,1.43-2.48a7,7,0,0,0,3.57,1.84ZM12,14.25a5,5,0,1,1,5-5A5,5,0,0,1,12,14.25Zm4.55,2.55a1,1,0,0,0-.85.49l-.89,1.49-1.52-2.65a7.06,7.06,0,0,0,3.56-1.84l1.43,2.48Z"
                  />
                </svg>
                <h1>
                  Jump Into New Certificate
                </h1>
              </div>
              <div
                class="card-dash-right-my-cerificate"
              >
                <a
                  href="/secondLayout/certification_center"
                >
                  <button
                    class="create-btn-dash-my-cerificate"
                  >
                    New Certificate
                  </button>
                </a>
              </div>
            </div>
            <div
              class="table-my-cerificate"
            >
              <div
                class="table-responsive-my-cerificate"
              >
                <table
                  class="table ucp-table-my-cerificate"
                  id="content-table"
                >
                  <thead
                    class="thead-s"
                  >
                    <tr>
                      <th
                        class="text-left"
                        scope="col"
                      >
                        Item No.
                      </th>
                      <th
                        scope="col"
                      >
                        Title
                      </th>
                      <th
                        class="text-left"
                        scope="col"
                      >
                        Marks
                      </th>
                      <th
                        class="text-left"
                        scope="col"
                      >
                        Out Of
                      </th>
                      <th
                        class="text-left"
                        scope="col"
                      >
                        Upload Date
                      </th>
                      <th
                        class="text-left"
                        scope="col"
                      >
                        Certificate
                      </th>
                      <th
                        class="text-left"
                        scope="col"
                      >
                        Controls
                      </th>
                    </tr>
                  </thead>
                  <tbody>
                    <tr>
                      <td
                        class="text-center"
                      >
                        1
                      </td>
                      <td
                        class="cell-ta"
                      >
                        Certificate 1
                      </td>
                      <td
                        class="text-center"
                      >
                        90
                      </td>
                      <td
                        class="text-center"
                      >
                        100
                      </td>
                      <td
                        class="text-center"
                      >
                        2024-01-01
                      </td>
                      <td
                        class="text-center text-center-hover"
                      >
                        <a
                          href="/certificate"
                        >
                          View
                        </a>
                      </td>
                      <td
                        class="text-center"
                      >
                        <a
                          class="gray-s"
                          href="#"
                          title="Delete"
                        >
                          <svg
                            fill="#686f7a"
                            height="18"
                            viewBox="0 0 24 24"
                            width="18"
                            xmlns="http://www.w3.org/2000/svg"
                          >
                            <path
                              d="M10,18a1,1,0,0,0,1-1V11a1,1,0,0,0-2,0v6A1,1,0,0,0,10,18ZM20,6H16V5a3,3,0,0,0-3-3H11A3,3,0,0,0,8,5V6H4A1,1,0,0,0,4,8H5V19a3,3,0,0,0,3,3h8a3,3,0,0,0,3-3V8h1a1,1,0,0,0,0-2ZM10,5a1,1,0,0,1,1-1h2a1,1,0,0,1,1,1V6H10Zm7,14a1,1,0,0,1-1,1H8a1,1,0,0,1-1-1V8H17Zm-3-1a1,1,0,0,0,1-1V11a1,1,0,0,0-2,0v6A1,1,0,0,0,14,18Z"
                            />
                          </svg>
                        </a>
                      </td>
                    </tr>
                  </tbody>
                </table>
              </div>
            </div>
          </div>
        </div>
      </div>
    </div>
  </div>
</DocumentFragment>
`;
