// Jest Snapshot v1, https://goo.gl/fbAQLP

exports[`test Invoice Page 1`] = `
<div
  className="invoice"
>
  <div
    className="invoice_header "
  >
    <div
      className="container"
    >
      <div
        className="row justify-content-md-center"
      >
        <div
          className="col-md-8"
        >
          <div
            className="invoice_header_main"
          >
            <div
              className="invoice_header_item"
            >
              <div
                className="invoice_logo"
              >
                <a
                  href="/"
                  onClick={[Function]}
                >
                  <img
                    alt=""
                    src="logo_dark.svg"
                  />
                </a>
              </div>
              <p>
                Invoice
              </p>
            </div>
          </div>
        </div>
      </div>
    </div>
  </div>
  <div
    className="invoice_main_body"
  >
    <div
      class="container"
    >
      <div
        class="row justify-content-md-center"
      >
        <div
          class="col-md-8"
        >
          <div
            class="invoice_body"
          >
            <div
              class="invoice_date_info"
            >
              <ul>
                <li>
                  <div
                    class="invoice_date_info_list"
                  >
                    <span>
                      Date :
                    </span>
                    10 April 2020
                  </div>
                </li>
                <li>
                  <div
                    class="invoice_date_info_list"
                  >
                    <span>
                      Invoice No :
                    </span>
                    IVIP12023598
                  </div>
                </li>
                <li>
                  <div
                    class="invoice_date_info_list"
                  >
                    <span>
                      Order ID :
                    </span>
                    1258963487
                  </div>
                </li>
              </ul>
            </div>
            <div
              class="invoice_dts"
            >
              <div
                class="row"
              >
                <div
                  class="col-md-12"
                >
                  <h2
                    class="invoice_title"
                  >
                    Invoice
                  </h2>
                </div>
                <div
                  class="col-sm-6"
                >
                  <div
                    class="invoice_title_item"
                  >
                    <h4>
                      To
                    </h4>
                    <ul>
                      <li>
                        <div
                          class="invoice_date_info_list"
                        />
                      </li>
                      <li>
                        <div
                          class="invoice_date_info_list"
                        >
                          <br />
                           
                        </div>
                      </li>
                      <li>
                        <div
                          class="invoice_date_info_list"
                        >
                          <br />
                        </div>
                      </li>
                      <li>
                        <div
                          class="invoice_date_info_list"
                        />
                      </li>
                      <li>
                        <div
                          class="invoice_date_info_list"
                        />
                      </li>
                    </ul>
                  </div>
                </div>
                <div
                  class="col-sm-6"
                >
                  <div
                    class="invoice_title_item"
                  >
                    <h4>
                      Cursus
                    </h4>
                    <ul>
                      <li>
                        <div
                          class="invoice_date_info_list"
                        >
                          Cursus LTD
                        </div>
                      </li>
                      <li>
                        <div
                          class="invoice_date_info_list"
                        >
                          #1234, Shahid karnail Singh Nagar,
                        </div>
                      </li>
                      <li>
                        <div
                          class="invoice_date_info_list"
                        >
                          Near MBD Mall,
                        </div>
                      </li>
                      <li>
                        <div
                          class="invoice_date_info_list"
                        >
                          141001
                        </div>
                      </li>
                      <li>
                        <div
                          class="invoice_date_info_list"
                        >
                          Ludhiana 
                        </div>
                      </li>
                      <li>
                        <div
                          class="invoice_date_info_list"
                        >
                          Punjab 
                        </div>
                      </li>
                      <li>
                        <div
                          class="invoice_date_info_list"
                        >
                          India 
                        </div>
                      </li>
                    </ul>
                  </div>
                </div>
              </div>
            </div>
            <div
              class="invoice_table"
            >
              <div>
                <table
                  class="table"
                >
                  <thead>
                    <tr>
                      <th
                        scope="col"
                      >
                        Item
                      </th>
                      <th
                        scope="col"
                      >
                        Price
                      </th>
                      <th
                        scope="col"
                      >
                        Discount
                      </th>
                      <th
                        scope="col"
                      >
                        Total Amount
                      </th>
                    </tr>
                  </thead>
                  <tbody>
                    <tr>
                      <td
                        colspan="1"
                      />
                      <td
                        colspan="3"
                      >
                        <div
                          class="user_dt_trans total"
                        >
                          <div
                            class="invoice_total"
                          >
                            Invoice Total : USD $
                            0.00
                          </div>
                          <p>
                            Total Discount : USD $
                            0.00
                          </p>
                          <p>
                            Paid via Paypal
                          </p>
                        </div>
                      </td>
                    </tr>
                  </tbody>
                </table>
              </div>
            </div>
            <div
              class="invoice_footer"
            >
              <div
                class="leftfooter"
              >
                <p>
                  Thanks for buying.
                </p>
              </div>
              <div
                class="righttfooter"
              >
                <a
                  class="print_btn"
                  href="javascript:window.print();"
                >
                  Print
                </a>
              </div>
            </div>
          </div>
        </div>
      </div>
    </div>
  </div>
</div>
`;
